
> get-shit-done-dh@1.27.4 test
> node scripts/run-tests.cjs

鈻?HDOC: anti-heredoc instruction
  鉁?gsd-ai-researcher has anti-heredoc instruction (1.2509ms)
  鉁?gsd-code-fixer has anti-heredoc instruction (0.3517ms)
  鉁?gsd-code-reviewer has anti-heredoc instruction (0.2969ms)
  鉁?gsd-codebase-mapper has anti-heredoc instruction (0.2918ms)
  鉁?gsd-debugger has anti-heredoc instruction (0.3954ms)
  鉁?gsd-doc-verifier has anti-heredoc instruction (0.4296ms)
  鉁?gsd-doc-writer has anti-heredoc instruction (0.3942ms)
  鉁?gsd-domain-researcher has anti-heredoc instruction (0.2382ms)
  鉁?gsd-eval-auditor has anti-heredoc instruction (0.1986ms)
  鉁?gsd-eval-planner has anti-heredoc instruction (0.2445ms)
  鉁?gsd-executor has anti-heredoc instruction (0.2362ms)
  鉁?gsd-intel-updater has anti-heredoc instruction (0.1784ms)
  鉁?gsd-phase-researcher has anti-heredoc instruction (0.2589ms)
  鉁?gsd-planner has anti-heredoc instruction (0.4066ms)
  鉁?gsd-project-researcher has anti-heredoc instruction (0.2556ms)
  鉁?gsd-research-synthesizer has anti-heredoc instruction (0.1897ms)
  鉁?gsd-roadmapper has anti-heredoc instruction (0.2368ms)
  鉁?gsd-ui-auditor has anti-heredoc instruction (0.2679ms)
  鉁?gsd-ui-researcher has anti-heredoc instruction (0.2184ms)
  鉁?gsd-verifier has anti-heredoc instruction (0.2466ms)
  鉁?no active heredoc patterns in any agent file (9.1883ms)
鉁?HDOC: anti-heredoc instruction (18.0743ms)
鈻?SKILL: skills frontmatter absent
  鉁?gsd-advisor-researcher does not have skills: in frontmatter (0.5991ms)
  鉁?gsd-ai-researcher does not have skills: in frontmatter (0.2498ms)
  鉁?gsd-assumptions-analyzer does not have skills: in frontmatter (0.2592ms)
  鉁?gsd-code-fixer does not have skills: in frontmatter (0.2361ms)
  鉁?gsd-code-reviewer does not have skills: in frontmatter (1.086ms)
  鉁?gsd-codebase-mapper does not have skills: in frontmatter (0.2954ms)
  鉁?gsd-debugger does not have skills: in frontmatter (0.3821ms)
  鉁?gsd-doc-verifier does not have skills: in frontmatter (0.2462ms)
  鉁?gsd-doc-writer does not have skills: in frontmatter (0.2867ms)
  鉁?gsd-domain-researcher does not have skills: in frontmatter (0.6783ms)
  鉁?gsd-eval-auditor does not have skills: in frontmatter (0.2217ms)
  鉁?gsd-eval-planner does not have skills: in frontmatter (0.2252ms)
  鉁?gsd-executor does not have skills: in frontmatter (0.2618ms)
  鉁?gsd-framework-selector does not have skills: in frontmatter (0.2017ms)
  鉁?gsd-integration-checker does not have skills: in frontmatter (0.2771ms)
  鉁?gsd-intel-updater does not have skills: in frontmatter (0.2623ms)
  鉁?gsd-nyquist-auditor does not have skills: in frontmatter (0.2105ms)
  鉁?gsd-phase-researcher does not have skills: in frontmatter (0.3385ms)
  鉁?gsd-plan-checker does not have skills: in frontmatter (0.2763ms)
  鉁?gsd-planner does not have skills: in frontmatter (1.0054ms)
  鉁?gsd-project-researcher does not have skills: in frontmatter (0.3227ms)
  鉁?gsd-research-synthesizer does not have skills: in frontmatter (0.2492ms)
  鉁?gsd-roadmapper does not have skills: in frontmatter (0.2877ms)
  鉁?gsd-security-auditor does not have skills: in frontmatter (0.187ms)
  鉁?gsd-ui-auditor does not have skills: in frontmatter (0.2474ms)
  鉁?gsd-ui-checker does not have skills: in frontmatter (0.3084ms)
  鉁?gsd-ui-researcher does not have skills: in frontmatter (0.2245ms)
  鉁?gsd-user-profiler does not have skills: in frontmatter (0.142ms)
  鉁?gsd-verifier does not have skills: in frontmatter (0.2408ms)
鉁?SKILL: skills frontmatter absent (11.0652ms)
鈻?HOOK: hooks frontmatter pattern
  鉁?gsd-ai-researcher has commented hooks pattern (0.4306ms)
  鉁?gsd-code-fixer has commented hooks pattern (0.1956ms)
  鉁?gsd-code-reviewer has commented hooks pattern (0.1501ms)
  鉁?gsd-codebase-mapper has commented hooks pattern (0.1908ms)
  鉁?gsd-debugger has commented hooks pattern (0.3823ms)
  鉁?gsd-doc-verifier has commented hooks pattern (0.1727ms)
  鉁?gsd-doc-writer has commented hooks pattern (0.3333ms)
  鉁?gsd-domain-researcher has commented hooks pattern (0.2017ms)
  鉁?gsd-eval-auditor has commented hooks pattern (0.1504ms)
  鉁?gsd-eval-planner has commented hooks pattern (0.1438ms)
  鉁?gsd-executor has commented hooks pattern (0.2892ms)
  鉁?gsd-intel-updater has commented hooks pattern (0.245ms)
  鉁?gsd-phase-researcher has commented hooks pattern (0.3341ms)
  鉁?gsd-planner has commented hooks pattern (0.3901ms)
  鉁?gsd-project-researcher has commented hooks pattern (0.2558ms)
  鉁?gsd-research-synthesizer has commented hooks pattern (0.23ms)
  鉁?gsd-roadmapper has commented hooks pattern (0.2543ms)
  鉁?gsd-ui-auditor has commented hooks pattern (0.2153ms)
  鉁?gsd-ui-researcher has commented hooks pattern (0.2368ms)
  鉁?gsd-verifier has commented hooks pattern (0.3088ms)
  鉁?gsd-advisor-researcher (read-only) does not need hooks (0.2567ms)
  鉁?gsd-assumptions-analyzer (read-only) does not need hooks (0.176ms)
  鉁?gsd-framework-selector (read-only) does not need hooks (0.6737ms)
  鉁?gsd-integration-checker (read-only) does not need hooks (0.2569ms)
  鉁?gsd-nyquist-auditor (read-only) does not need hooks (0.5848ms)
  鉁?gsd-plan-checker (read-only) does not need hooks (0.2687ms)
  鉁?gsd-security-auditor (read-only) does not need hooks (0.1509ms)
  鉁?gsd-ui-checker (read-only) does not need hooks (0.3107ms)
  鉁?gsd-user-profiler (read-only) does not need hooks (0.9372ms)
鉁?HOOK: hooks frontmatter pattern (9.5294ms)
鈻?SPAWN: spawn type consistency
  鉁?no "First, read agent .md" workaround pattern remains (19.5344ms)
  鉁?named agent spawns use correct agent names (13.7823ms)
  鉁?diagnose-issues uses gsd-debugger (not general-purpose) (0.3673ms)
  鉁?execute-phase has Copilot sequential fallback in runtime_compatibility (0.3958ms)
鉁?SPAWN: spawn type consistency (34.4143ms)
鈻?AGENT: required frontmatter fields
  鉁?gsd-advisor-researcher has name, description, tools, color (0.7071ms)
  鉁?gsd-ai-researcher has name, description, tools, color (0.2012ms)
  鉁?gsd-assumptions-analyzer has name, description, tools, color (0.223ms)
  鉁?gsd-code-fixer has name, description, tools, color (0.26ms)
  鉁?gsd-code-reviewer has name, description, tools, color (0.1763ms)
  鉁?gsd-codebase-mapper has name, description, tools, color (0.2483ms)
  鉁?gsd-debugger has name, description, tools, color (0.3501ms)
  鉁?gsd-doc-verifier has name, description, tools, color (0.2208ms)
  鉁?gsd-doc-writer has name, description, tools, color (0.9664ms)
  鉁?gsd-domain-researcher has name, description, tools, color (0.3055ms)
  鉁?gsd-eval-auditor has name, description, tools, color (0.2626ms)
  鉁?gsd-eval-planner has name, description, tools, color (0.1992ms)
  鉁?gsd-executor has name, description, tools, color (0.3189ms)
  鉁?gsd-framework-selector has name, description, tools, color (0.2237ms)
  鉁?gsd-integration-checker has name, description, tools, color (0.2536ms)
  鉁?gsd-intel-updater has name, description, tools, color (0.2097ms)
  鉁?gsd-nyquist-auditor has name, description, tools, color (0.173ms)
  鉁?gsd-phase-researcher has name, description, tools, color (0.2822ms)
  鉁?gsd-plan-checker has name, description, tools, color (0.3242ms)
  鉁?gsd-planner has name, description, tools, color (0.3722ms)
  鉁?gsd-project-researcher has name, description, tools, color (0.2297ms)
  鉁?gsd-research-synthesizer has name, description, tools, color (0.2006ms)
  鉁?gsd-roadmapper has name, description, tools, color (0.2506ms)
  鉁?gsd-security-auditor has name, description, tools, color (0.1328ms)
  鉁?gsd-ui-auditor has name, description, tools, color (0.1509ms)
  鉁?gsd-ui-checker has name, description, tools, color (0.1284ms)
  鉁?gsd-ui-researcher has name, description, tools, color (0.1386ms)
  鉁?gsd-user-profiler has name, description, tools, color (0.1446ms)
  鉁?gsd-verifier has name, description, tools, color (0.2099ms)
鉁?AGENT: required frontmatter fields (8.7075ms)
鈻?CLAUDEMD: CLAUDE.md compliance enforcement
  鉁?gsd-plan-checker has Dimension 10: CLAUDE.md Compliance (0.3219ms)
  鉁?gsd-phase-researcher has CLAUDE.md enforcement directive (0.2487ms)
  鉁?gsd-executor has CLAUDE.md enforcement directive (0.2444ms)
  鉁?all three agents read CLAUDE.md in project_context (0.5379ms)
鉁?CLAUDEMD: CLAUDE.md compliance enforcement (1.4541ms)
鈻?VERIFY: data-flow trace, environment audit, and behavioral spot-checks
  鉁?gsd-verifier has Step 4b: Data-Flow Trace (0.3333ms)
  鉁?gsd-verifier has Step 7b: Behavioral Spot-Checks (0.2352ms)
  鉁?gsd-verifier VERIFICATION.md template includes data-flow and spot-check sections (0.2398ms)
  鉁?gsd-verifier success criteria include data-flow and spot-checks (0.2922ms)
  鉁?gsd-phase-researcher has Step 2.6: Environment Availability Audit (0.3987ms)
  鉁?gsd-phase-researcher success criteria include environment audit (0.2818ms)
鉁?VERIFY: data-flow trace, environment audit, and behavioral spot-checks (2.0468ms)
鈻?DISCUSS: discussion log generation
  鉁?discuss-phase workflow references DISCUSSION-LOG.md generation (0.5477ms)
  鉁?discussion-log template exists (0.4297ms)
鉁?DISCUSS: discussion log generation (1.1096ms)

[36m   鈻堚枅鈻堚枅鈻堚枅鈺?鈻堚枅鈻堚枅鈻堚枅鈻堚晽鈻堚枅鈻堚枅鈻堚枅鈺?  鈻堚枅鈺斺晲鈺愨晲鈺愨暆 鈻堚枅鈺斺晲鈺愨晲鈺愨暆鈻堚枅鈺斺晲鈺愨枅鈻堚晽
  鈻堚枅鈺? 鈻堚枅鈻堚晽鈻堚枅鈻堚枅鈻堚枅鈻堚晽鈻堚枅鈺? 鈻堚枅鈺?  鈻堚枅鈺?  鈻堚枅鈺戔暁鈺愨晲鈺愨晲鈻堚枅鈺戔枅鈻堚晳  鈻堚枅鈺?  鈺氣枅鈻堚枅鈻堚枅鈻堚晹鈺濃枅鈻堚枅鈻堚枅鈻堚枅鈺戔枅鈻堚枅鈻堚枅鈻堚晹鈺?   鈺氣晲鈺愨晲鈺愨晲鈺?鈺氣晲鈺愨晲鈺愨晲鈺愨暆鈺氣晲鈺愨晲鈺愨晲鈺?[0m

  Get Shit Done [2mv1.27.4[0m
  A meta-prompting, context engineering and spec-driven
  development system for Claude Code, OpenCode, Gemini, Codex, Copilot, Antigravity, Cursor, and CodeBuddy by T脗CHES.

鈻?getDirName (Antigravity)
  鉁?returns .agent for antigravity (4.3166ms)
  鉁?does not break existing runtimes (0.1963ms)
鉁?getDirName (Antigravity) (5.6522ms)
鈻?getGlobalDir (Antigravity)
  鉁?returns ~/.gemini/antigravity by default (1.0334ms)
  鉁?respects ANTIGRAVITY_CONFIG_DIR env var (1.2919ms)
  鉁?explicit config-dir overrides env var (0.811ms)
  鉁?does not change Claude Code global dir (1.5178ms)
鉁?getGlobalDir (Antigravity) (5.0333ms)
鈻?getConfigDirFromHome (Antigravity)
  鉁?returns .agent for local installs (0.2389ms)
  鉁?returns .gemini, antigravity for global installs (0.1741ms)
  鉁?does not change other runtimes (0.151ms)
鉁?getConfigDirFromHome (Antigravity) (0.8208ms)
鈻?convertClaudeToAntigravityContent
  鈻?global install path replacements
    鉁?replaces ~/. claude/ with ~/.gemini/antigravity/ (0.4586ms)
    鉁?replaces $HOME/.claude/ with $HOME/.gemini/antigravity/ (0.1492ms)
  鉁?global install path replacements (0.7241ms)
  鈻?local install path replacements
    鉁?replaces ~/.claude/ with .agent/ for local installs (0.1048ms)
    鉁?replaces ./.claude/ with ./.agent/ (0.243ms)
    鉁?replaces .claude/ with .agent/ (0.0972ms)
  鉁?local install path replacements (0.5342ms)
  鈻?command name conversion
    鉁?converts /gsd:command to /gsd-command (0.127ms)
    鉁?converts all gsd: references (0.0647ms)
  鉁?command name conversion (0.4099ms)
  鉁?does not modify unrelated content (0.1389ms)
鉁?convertClaudeToAntigravityContent (2.1013ms)
鈻?convertClaudeCommandToAntigravitySkill
  鉁?produces name and description only in frontmatter (0.3915ms)
  鉁?applies path replacement in body (0.1552ms)
  鉁?uses provided skillName for name field (0.0962ms)
  鉁?converts gsd: command references in body (0.0602ms)
  鉁?returns unchanged content when no frontmatter (0.1967ms)
鉁?convertClaudeCommandToAntigravitySkill (1.0794ms)
鈻?convertClaudeAgentToAntigravityAgent
  鉁?preserves name and description (0.3766ms)
  鉁?maps Claude tools to Gemini tool names (0.2184ms)
  鉁?preserves color field (0.1907ms)
  鉁?applies path replacement in body (0.1344ms)
  鉁?uses global path for global installs (0.1026ms)
  鉁?excludes Task tool (filtered by convertGeminiToolName) (0.1634ms)
鉁?convertClaudeAgentToAntigravityAgent (1.4187ms)
鈻?copyCommandsAsAntigravitySkills
  鉁?creates skills directory (18.7218ms)
  鉁?creates one skill directory per command with SKILL.md (7.0115ms)
  鉁?handles subdirectory commands with prefixed names (6.0173ms)
  鉁?SKILL.md has minimal frontmatter (name + description only) (6.8528ms)
  鉁?SKILL.md body has paths converted for local install (7.2585ms)
  鉁?removes old gsd-* skill dirs before reinstalling (8.4582ms)
  鉁?does not remove non-gsd skill dirs (6.2096ms)
鉁?copyCommandsAsAntigravitySkills (61.2205ms)
鈻?writeManifest (Antigravity)
  鉁?writes manifest JSON file (24.7344ms)
  鉁?manifest includes skills in skills/ directory (14.8655ms)
  鉁?manifest includes agent files (15.1414ms)
鉁?writeManifest (Antigravity) (55.0099ms)
鈻?generate-claude-md
  鉁?creates CLAUDE.md with workflow enforcement section (307.1714ms)
  鉁?adds workflow enforcement section when updating an existing CLAUDE.md (394.881ms)
鉁?generate-claude-md (703.2351ms)
鈻?new-project workflow includes CLAUDE.md generation
  鉁?new-project workflow generates CLAUDE.md before final commit (0.668ms)
  鉁?new-project artifacts mention CLAUDE.md (0.6905ms)
鉁?new-project workflow includes CLAUDE.md generation (1.6601ms)

[36m   鈻堚枅鈻堚枅鈻堚枅鈺?鈻堚枅鈻堚枅鈻堚枅鈻堚晽鈻堚枅鈻堚枅鈻堚枅鈺?  鈻堚枅鈺斺晲鈺愨晲鈺愨暆 鈻堚枅鈺斺晲鈺愨晲鈺愨暆鈻堚枅鈺斺晲鈺愨枅鈻堚晽
  鈻堚枅鈺? 鈻堚枅鈻堚晽鈻堚枅鈻堚枅鈻堚枅鈻堚晽鈻堚枅鈺? 鈻堚枅鈺?  鈻堚枅鈺?  鈻堚枅鈺戔暁鈺愨晲鈺愨晲鈻堚枅鈺戔枅鈻堚晳  鈻堚枅鈺?  鈺氣枅鈻堚枅鈻堚枅鈻堚晹鈺濃枅鈻堚枅鈻堚枅鈻堚枅鈺戔枅鈻堚枅鈻堚枅鈻堚晹鈺?   鈺氣晲鈺愨晲鈺愨晲鈺?鈺氣晲鈺愨晲鈺愨晲鈺愨暆鈺氣晲鈺愨晲鈺愨晲鈺?[0m

  Get Shit Done [2mv1.27.4[0m
  A meta-prompting, context engineering and spec-driven
  development system for Claude Code, OpenCode, Gemini, Codex, Copilot, Antigravity, Cursor, and CodeBuddy by T脗CHES.

  Installing for [36mCodex[0m to [36m~\AppData\Local\Temp\gsd-codex-e2e-TRvpMP\codex-home[0m

  [32m鉁?[0m Installed 71 skills to skills/
  [32m鉁?[0m Installed get-shit-done
  [32m鉁?[0m Installed agents
  [32m鉁?[0m Installed CHANGELOG.md
  [32m鉁?[0m Wrote VERSION (1.27.4)
  [32m鉁?[0m Wrote file manifest (gsd-file-manifest.json)
  [32m鉁?[0m Generated config.toml with 29 agent roles
  [32m鉁?[0m Generated 29 agent .toml config files
  [32m鉁?[0m Configured Codex hooks (SessionStart)
  Installing for [36mCodex[0m to [36m~\AppData\Local\Temp\gsd-codex-e2e-uZrH1o\codex-home[0m

  [32m鉁?[0m Installed 71 skills to skills/
  [32m鉁?[0m Installed get-shit-done
  [32m鉁?[0m Installed agents
  [32m鉁?[0m Installed CHANGELOG.md
  [32m鉁?[0m Wrote VERSION (1.27.4)
  [32m鉁?[0m Wrote file manifest (gsd-file-manifest.json)
  [32m鉁?[0m Generated config.toml with 29 agent roles
  [32m鉁?[0m Generated 29 agent .toml config files
  [32m鉁?[0m Configured Codex hooks (SessionStart)
  Installing for [36mCodex[0m to [36m~\AppData\Local\Temp\gsd-codex-e2e-k4fKuT\codex-home[0m

  [32m鉁?[0m Installed 71 skills to skills/
  [32m鉁?[0m Installed get-shit-done
  [32m鉁?[0m Installed agents
  [32m鉁?[0m Installed CHANGELOG.md
  [32m鉁?[0m Wrote VERSION (1.27.4)
  [32m鉁?[0m Wrote file manifest (gsd-file-manifest.json)
  [32m鉁?[0m Generated config.toml with 29 agent roles
  [32m鉁?[0m Generated 29 agent .toml config files
  [32m鉁?[0m Configured Codex hooks (SessionStart)
  Installing for [36mCodex[0m to [36m~\AppData\Local\Temp\gsd-codex-e2e-UxJXTD\codex-home[0m

  [32m鉁?[0m Installed 71 skills to skills/
  [32m鉁?[0m Installed get-shit-done
  [32m鉁?[0m Installed agents
  [32m鉁?[0m Installed CHANGELOG.md
  [32m鉁?[0m Wrote VERSION (1.27.4)
  [32m鉁?[0m Wrote file manifest (gsd-file-manifest.json)
  [32m鉁?[0m Generated config.toml with 29 agent roles
  [32m鉁?[0m Generated 29 agent .toml config files
  [32m鉁?[0m Configured Codex hooks (SessionStart)
  Installing for [36mCodex[0m to [36m~\AppData\Local\Temp\gsd-codex-e2e-RBhBwM\codex-home[0m

  [32m鉁?[0m Installed 71 skills to skills/
  [32m鉁?[0m Installed get-shit-done
  [32m鉁?[0m Installed agents
  [32m鉁?[0m Installed CHANGELOG.md
  [32m鉁?[0m Wrote VERSION (1.27.4)
  [32m鉁?[0m Wrote file manifest (gsd-file-manifest.json)
  [32m鉁?[0m Generated config.toml with 29 agent roles
  [32m鉁?[0m Generated 29 agent .toml config files
  [32m鉁?[0m Configured Codex hooks (SessionStart)
  Installing for [36mCodex[0m to [36m~\AppData\Local\Temp\gsd-codex-e2e-o6omPJ\codex-home[0m

  [32m鉁?[0m Installed 71 skills to skills/
  [32m鉁?[0m Installed get-shit-done
  [32m鉁?[0m Installed agents
  [32m鉁?[0m Installed CHANGELOG.md
  [32m鉁?[0m Wrote VERSION (1.27.4)
  [32m鉁?[0m Wrote file manifest (gsd-file-manifest.json)
  [32m鉁?[0m Generated config.toml with 29 agent roles
  [32m鉁?[0m Generated 29 agent .toml config files
  [32m鉁?[0m Configured Codex hooks (SessionStart)
  Installing for [36mCodex[0m to [36m~\AppData\Local\Temp\gsd-codex-e2e-8YZTxg\codex-home[0m

  [32m鉁?[0m Installed 71 skills to skills/
  [32m鉁?[0m Installed get-shit-done
  [32m鉁?[0m Installed agents
  [32m鉁?[0m Installed CHANGELOG.md
  [32m鉁?[0m Wrote VERSION (1.27.4)
  [32m鉁?[0m Wrote file manifest (gsd-file-manifest.json)
  [32m鉁?[0m Generated config.toml with 29 agent roles
  [32m鉁?[0m Generated 29 agent .toml config files
  [32m鉁?[0m Configured Codex hooks (SessionStart)
  Installing for [36mCodex[0m to [36m~\AppData\Local\Temp\gsd-codex-e2e-8YZTxg\codex-home[0m

  [32m鉁?[0m Installed 71 skills to skills/
  [32m鉁?[0m Installed get-shit-done
  [32m鉁?[0m Installed agents
  [32m鉁?[0m Installed CHANGELOG.md
  [32m鉁?[0m Wrote VERSION (1.27.4)
  [32m鉁?[0m Wrote file manifest (gsd-file-manifest.json)
  [32m鉁?[0m Generated config.toml with 29 agent roles
  [32m鉁?[0m Generated 29 agent .toml config files
  [32m鉁?[0m Configured Codex hooks (SessionStart)
  Installing for [36mCodex[0m to [36m~\AppData\Local\Temp\gsd-codex-e2e-8YZTxg\codex-home[0m

  [32m鉁?[0m Installed 71 skills to skills/
  [32m鉁?[0m Installed get-shit-done
  [32m鉁?[0m Installed agents
  [32m鉁?[0m Installed CHANGELOG.md
  [32m鉁?[0m Wrote VERSION (1.27.4)
  [32m鉁?[0m Wrote file manifest (gsd-file-manifest.json)
  [32m鉁?[0m Generated config.toml with 29 agent roles
  [32m鉁?[0m Generated 29 agent .toml config files
  [32m鉁?[0m Configured Codex hooks (SessionStart)
  Installing for [36mCodex[0m to [36m~\AppData\Local\Temp\gsd-codex-e2e-iTT4y0\codex-home[0m

  [32m鉁?[0m Installed 71 skills to skills/
  [32m鉁?[0m Installed get-shit-done
  [32m鉁?[0m Installed agents
  [32m鉁?[0m Installed CHANGELOG.md
  [32m鉁?[0m Wrote VERSION (1.27.4)
  [32m鉁?[0m Wrote file manifest (gsd-file-manifest.json)
  [32m鉁?[0m Generated config.toml with 29 agent roles
  [32m鉁?[0m Generated 29 agent .toml config files
  [32m鉁?[0m Configured Codex hooks (SessionStart)
  Installing for [36mCodex[0m to [36m~\AppData\Local\Temp\gsd-codex-e2e-iTT4y0\codex-home[0m

  [32m鉁?[0m Installed 71 skills to skills/
  [32m鉁?[0m Installed get-shit-done
  [32m鉁?[0m Installed agents
  [32m鉁?[0m Installed CHANGELOG.md
  [32m鉁?[0m Wrote VERSION (1.27.4)
  [32m鉁?[0m Wrote file manifest (gsd-file-manifest.json)
  [32m鉁?[0m Generated config.toml with 29 agent roles
  [32m鉁?[0m Generated 29 agent .toml config files
  [32m鉁?[0m Configured Codex hooks (SessionStart)
  Installing for [36mCodex[0m to [36m~\AppData\Local\Temp\gsd-codex-e2e-MZjMtj\codex-home[0m

  [32m鉁?[0m Installed 71 skills to skills/
  [32m鉁?[0m Installed get-shit-done
  [32m鉁?[0m Installed agents
  [32m鉁?[0m Installed CHANGELOG.md
  [32m鉁?[0m Wrote VERSION (1.27.4)
  [32m鉁?[0m Wrote file manifest (gsd-file-manifest.json)
  [32m鉁?[0m Generated config.toml with 29 agent roles
  [32m鉁?[0m Generated 29 agent .toml config files
  [32m鉁?[0m Configured Codex hooks (SessionStart)
  Installing for [36mCodex[0m to [36m~\AppData\Local\Temp\gsd-codex-e2e-MZjMtj\codex-home[0m

  [32m鉁?[0m Installed 71 skills to skills/
  [32m鉁?[0m Installed get-shit-done
  [32m鉁?[0m Installed agents
  [32m鉁?[0m Installed CHANGELOG.md
  [32m鉁?[0m Wrote VERSION (1.27.4)
  [32m鉁?[0m Wrote file manifest (gsd-file-manifest.json)
  [32m鉁?[0m Generated config.toml with 29 agent roles
  [32m鉁?[0m Generated 29 agent .toml config files
  [32m鉁?[0m Configured Codex hooks (SessionStart)
  Installing for [36mCodex[0m to [36m~\AppData\Local\Temp\gsd-codex-e2e-1pI25U\codex-home[0m

  [32m鉁?[0m Installed 71 skills to skills/
  [32m鉁?[0m Installed get-shit-done
  [32m鉁?[0m Installed agents
  [32m鉁?[0m Installed CHANGELOG.md
  [32m鉁?[0m Wrote VERSION (1.27.4)
  [32m鉁?[0m Wrote file manifest (gsd-file-manifest.json)
  [32m鉁?[0m Generated config.toml with 29 agent roles
  [32m鉁?[0m Generated 29 agent .toml config files
  [32m鉁?[0m Configured Codex hooks (SessionStart)
  Installing for [36mCodex[0m to [36m~\AppData\Local\Temp\gsd-codex-e2e-1pI25U\codex-home[0m

  [32m鉁?[0m Installed 71 skills to skills/
  [32m鉁?[0m Installed get-shit-done
  [32m鉁?[0m Installed agents
  [32m鉁?[0m Installed CHANGELOG.md
  [32m鉁?[0m Wrote VERSION (1.27.4)
  [32m鉁?[0m Wrote file manifest (gsd-file-manifest.json)
  [32m鉁?[0m Generated config.toml with 29 agent roles
  [32m鉁?[0m Generated 29 agent .toml config files
  [32m鉁?[0m Configured Codex hooks (SessionStart)
  Installing for [36mCodex[0m to [36m~\AppData\Local\Temp\gsd-codex-e2e-ibteQb\codex-home[0m

  [32m鉁?[0m Installed 71 skills to skills/
  [32m鉁?[0m Installed get-shit-done
  [32m鉁?[0m Installed agents
  [32m鉁?[0m Installed CHANGELOG.md
  [32m鉁?[0m Wrote VERSION (1.27.4)
  [32m鉁?[0m Wrote file manifest (gsd-file-manifest.json)
  [32m鉁?[0m Generated config.toml with 29 agent roles
  [32m鉁?[0m Generated 29 agent .toml config files
  [32m鉁?[0m Configured Codex hooks (SessionStart)
  Installing for [36mCodex[0m to [36m~\AppData\Local\Temp\gsd-codex-e2e-ibteQb\codex-home[0m

  [32m鉁?[0m Installed 71 skills to skills/
  [32m鉁?[0m Installed get-shit-done
  [32m鉁?[0m Installed agents
  [32m鉁?[0m Installed CHANGELOG.md
  [32m鉁?[0m Wrote VERSION (1.27.4)
  [32m鉁?[0m Wrote file manifest (gsd-file-manifest.json)
  [32m鉁?[0m Generated config.toml with 29 agent roles
  [32m鉁?[0m Generated 29 agent .toml config files
  [32m鉁?[0m Configured Codex hooks (SessionStart)
  Installing for [36mCodex[0m to [36m~\AppData\Local\Temp\gsd-codex-e2e-DX1Bhf\codex-home[0m

  [32m鉁?[0m Installed 71 skills to skills/
  [32m鉁?[0m Installed get-shit-done
  [32m鉁?[0m Installed agents
  [32m鉁?[0m Installed CHANGELOG.md
  [32m鉁?[0m Wrote VERSION (1.27.4)
  [32m鉁?[0m Wrote file manifest (gsd-file-manifest.json)
  [32m鉁?[0m Generated config.toml with 29 agent roles
  [32m鉁?[0m Generated 29 agent .toml config files
  [32m鉁?[0m Configured Codex hooks (SessionStart)
  Installing for [36mCodex[0m to [36m~\AppData\Local\Temp\gsd-codex-e2e-DX1Bhf\codex-home[0m

  [32m鉁?[0m Installed 71 skills to skills/
  [32m鉁?[0m Installed get-shit-done
  [32m鉁?[0m Installed agents
  [32m鉁?[0m Installed CHANGELOG.md
  [32m鉁?[0m Wrote VERSION (1.27.4)
  [32m鉁?[0m Wrote file manifest (gsd-file-manifest.json)
  [32m鉁?[0m Generated config.toml with 29 agent roles
  [32m鉁?[0m Generated 29 agent .toml config files
  [32m鉁?[0m Configured Codex hooks (SessionStart)
  Installing for [36mCodex[0m to [36m~\AppData\Local\Temp\gsd-codex-e2e-cfzeI6\codex-home[0m

  [32m鉁?[0m Installed 71 skills to skills/
  [32m鉁?[0m Installed get-shit-done
  [32m鉁?[0m Installed agents
  [32m鉁?[0m Installed CHANGELOG.md
  [32m鉁?[0m Wrote VERSION (1.27.4)
  [32m鉁?[0m Wrote file manifest (gsd-file-manifest.json)
  [32m鉁?[0m Generated config.toml with 29 agent roles
  [32m鉁?[0m Generated 29 agent .toml config files
  [32m鉁?[0m Configured Codex hooks (SessionStart)
  Installing for [36mCodex[0m to [36m~\AppData\Local\Temp\gsd-codex-e2e-cfzeI6\codex-home[0m

  [32m鉁?[0m Installed 71 skills to skills/
  [32m鉁?[0m Installed get-shit-done
  [32m鉁?[0m Installed agents
  [32m鉁?[0m Installed CHANGELOG.md
  [32m鉁?[0m Wrote VERSION (1.27.4)
  [32m鉁?[0m Wrote file manifest (gsd-file-manifest.json)
  [32m鉁?[0m Generated config.toml with 29 agent roles
  [32m鉁?[0m Generated 29 agent .toml config files
  [32m鉁?[0m Configured Codex hooks (SessionStart)
  Installing for [36mCodex[0m to [36m~\AppData\Local\Temp\gsd-codex-e2e-imjlz7\codex-home[0m

  [32m鉁?[0m Installed 71 skills to skills/
  [32m鉁?[0m Installed get-shit-done
  [32m鉁?[0m Installed agents
  [32m鉁?[0m Installed CHANGELOG.md
  [32m鉁?[0m Wrote VERSION (1.27.4)
  [32m鉁?[0m Wrote file manifest (gsd-file-manifest.json)
  [32m鉁?[0m Generated config.toml with 29 agent roles
  [32m鉁?[0m Generated 29 agent .toml config files
  [32m鉁?[0m Configured Codex hooks (SessionStart)
  Installing for [36mCodex[0m to [36m~\AppData\Local\Temp\gsd-codex-e2e-imjlz7\codex-home[0m

  [32m鉁?[0m Installed 71 skills to skills/
  [32m鉁?[0m Installed get-shit-done
  [32m鉁?[0m Installed agents
  [32m鉁?[0m Installed CHANGELOG.md
  [32m鉁?[0m Wrote VERSION (1.27.4)
  [32m鉁?[0m Wrote file manifest (gsd-file-manifest.json)
  [32m鉁?[0m Generated config.toml with 29 agent roles
  [32m鉁?[0m Generated 29 agent .toml config files
  [32m鉁?[0m Configured Codex hooks (SessionStart)
  Installing for [36mCodex[0m to [36m~\AppData\Local\Temp\gsd-codex-e2e-woMDKP\codex-home[0m

  [32m鉁?[0m Installed 71 skills to skills/
  [32m鉁?[0m Installed get-shit-done
  [32m鉁?[0m Installed agents
  [32m鉁?[0m Installed CHANGELOG.md
  [32m鉁?[0m Wrote VERSION (1.27.4)
  [32m鉁?[0m Wrote file manifest (gsd-file-manifest.json)
  [32m鉁?[0m Generated config.toml with 29 agent roles
  [32m鉁?[0m Generated 29 agent .toml config files
  [32m鉁?[0m Configured Codex hooks (SessionStart)
  Installing for [36mCodex[0m to [36m~\AppData\Local\Temp\gsd-codex-e2e-woMDKP\codex-home[0m

  [32m鉁?[0m Installed 71 skills to skills/
  [32m鉁?[0m Installed get-shit-done
  [32m鉁?[0m Installed agents
  [32m鉁?[0m Installed CHANGELOG.md
  [32m鉁?[0m Wrote VERSION (1.27.4)
  [32m鉁?[0m Wrote file manifest (gsd-file-manifest.json)
  [32m鉁?[0m Generated config.toml with 29 agent roles
  [32m鉁?[0m Generated 29 agent .toml config files
  [32m鉁?[0m Configured Codex hooks (SessionStart)
  Installing for [36mCodex[0m to [36m~\AppData\Local\Temp\gsd-codex-e2e-XQJqCw\codex-home[0m

  [32m鉁?[0m Installed 71 skills to skills/
  [32m鉁?[0m Installed get-shit-done
  [32m鉁?[0m Installed agents
  [32m鉁?[0m Installed CHANGELOG.md
  [32m鉁?[0m Wrote VERSION (1.27.4)
  [32m鉁?[0m Wrote file manifest (gsd-file-manifest.json)
  [32m鉁?[0m Generated config.toml with 29 agent roles
  [32m鉁?[0m Generated 29 agent .toml config files
  [32m鉁?[0m Configured Codex hooks (SessionStart)
  Installing for [36mCodex[0m to [36m~\AppData\Local\Temp\gsd-codex-e2e-QKfJ6R\codex-home[0m

  [32m鉁?[0m Installed 71 skills to skills/
  [32m鉁?[0m Installed get-shit-done
  [32m鉁?[0m Installed agents
  [32m鉁?[0m Installed CHANGELOG.md
  [32m鉁?[0m Wrote VERSION (1.27.4)
  [32m鉁?[0m Wrote file manifest (gsd-file-manifest.json)
  [32m鉁?[0m Generated config.toml with 29 agent roles
  [32m鉁?[0m Generated 29 agent .toml config files
  [32m鉁?[0m Configured Codex hooks (SessionStart)
  Installing for [36mCodex[0m to [36m~\AppData\Local\Temp\gsd-codex-e2e-MmtBIf\codex-home[0m

  [32m鉁?[0m Installed 71 skills to skills/
  [32m鉁?[0m Installed get-shit-done
  [32m鉁?[0m Installed agents
  [32m鉁?[0m Installed CHANGELOG.md
  [32m鉁?[0m Wrote VERSION (1.27.4)
  [32m鉁?[0m Wrote file manifest (gsd-file-manifest.json)
  [32m鉁?[0m Generated config.toml with 29 agent roles
  [32m鉁?[0m Generated 29 agent .toml config files
  [32m鉁?[0m Configured Codex hooks (SessionStart)
  Installing for [36mCodex[0m to [36m~\AppData\Local\Temp\gsd-codex-e2e-1BKR8h\codex-home[0m

  [32m鉁?[0m Installed 71 skills to skills/
  [32m鉁?[0m Installed get-shit-done
  [32m鉁?[0m Installed agents
  [32m鉁?[0m Installed CHANGELOG.md
  [32m鉁?[0m Wrote VERSION (1.27.4)
  [32m鉁?[0m Wrote file manifest (gsd-file-manifest.json)
  [32m鉁?[0m Generated config.toml with 29 agent roles
  [32m鉁?[0m Generated 29 agent .toml config files
  [32m鉁?[0m Configured Codex hooks (SessionStart)
  Installing for [36mCodex[0m to [36m~\AppData\Local\Temp\gsd-codex-e2e-1BKR8h\codex-home[0m

  [32m鉁?[0m Installed 71 skills to skills/
  [32m鉁?[0m Installed get-shit-done
  [32m鉁?[0m Installed agents
  [32m鉁?[0m Installed CHANGELOG.md
  [32m鉁?[0m Wrote VERSION (1.27.4)
  [32m鉁?[0m Wrote file manifest (gsd-file-manifest.json)
  [32m鉁?[0m Generated config.toml with 29 agent roles
  [32m鉁?[0m Generated 29 agent .toml config files
  [32m鉁?[0m Configured Codex hooks (SessionStart)
  Installing for [36mCodex[0m to [36m~\AppData\Local\Temp\gsd-codex-e2e-aGsPwV\codex-home[0m

  [32m鉁?[0m Installed 71 skills to skills/
  [32m鉁?[0m Installed get-shit-done
  [32m鉁?[0m Installed agents
  [32m鉁?[0m Installed CHANGELOG.md
  [32m鉁?[0m Wrote VERSION (1.27.4)
  [32m鉁?[0m Wrote file manifest (gsd-file-manifest.json)
  [32m鉁?[0m Generated config.toml with 29 agent roles
  [32m鉁?[0m Generated 29 agent .toml config files
  [32m鉁?[0m Configured Codex hooks (SessionStart)
  Installing for [36mCodex[0m to [36m~\AppData\Local\Temp\gsd-codex-e2e-aGsPwV\codex-home[0m

  [32m鉁?[0m Installed 71 skills to skills/
  [32m鉁?[0m Installed get-shit-done
  [32m鉁?[0m Installed agents
  [32m鉁?[0m Installed CHANGELOG.md
  [32m鉁?[0m Wrote VERSION (1.27.4)
  [32m鉁?[0m Wrote file manifest (gsd-file-manifest.json)
  [32m鉁?[0m Generated config.toml with 29 agent roles
  [32m鉁?[0m Generated 29 agent .toml config files
  [32m鉁?[0m Configured Codex hooks (SessionStart)
  Installing for [36mCodex[0m to [36m~\AppData\Local\Temp\gsd-codex-e2e-TvCTxg\codex-home[0m

  [32m鉁?[0m Installed 71 skills to skills/
  [32m鉁?[0m Installed get-shit-done
  [32m鉁?[0m Installed agents
  [32m鉁?[0m Installed CHANGELOG.md
  [32m鉁?[0m Wrote VERSION (1.27.4)
  [32m鉁?[0m Wrote file manifest (gsd-file-manifest.json)
  [32m鉁?[0m Generated config.toml with 29 agent roles
  [32m鉁?[0m Generated 29 agent .toml config files
  [32m鉁?[0m Configured Codex hooks (SessionStart)
  Installing for [36mCodex[0m to [36m~\AppData\Local\Temp\gsd-codex-e2e-TvCTxg\codex-home[0m

  [32m鉁?[0m Installed 71 skills to skills/
  [32m鉁?[0m Installed get-shit-done
  [32m鉁?[0m Installed agents
  [32m鉁?[0m Installed CHANGELOG.md
  [32m鉁?[0m Wrote VERSION (1.27.4)
  [32m鉁?[0m Wrote file manifest (gsd-file-manifest.json)
  [32m鉁?[0m Generated config.toml with 29 agent roles
  [32m鉁?[0m Generated 29 agent .toml config files
  [32m鉁?[0m Configured Codex hooks (SessionStart)
  Installing for [36mCodex[0m to [36m~\AppData\Local\Temp\gsd-codex-e2e-IYmp1C\codex-home[0m

  [32m鉁?[0m Installed 71 skills to skills/
  [32m鉁?[0m Installed get-shit-done
  [32m鉁?[0m Installed agents
  [32m鉁?[0m Installed CHANGELOG.md
  [32m鉁?[0m Wrote VERSION (1.27.4)
  [32m鉁?[0m Wrote file manifest (gsd-file-manifest.json)
  [32m鉁?[0m Generated config.toml with 29 agent roles
  [32m鉁?[0m Generated 29 agent .toml config files
  [32m鉁?[0m Configured Codex hooks (SessionStart)
  Installing for [36mCodex[0m to [36m~\AppData\Local\Temp\gsd-codex-e2e-cK1NJt\codex-home[0m

  [32m鉁?[0m Installed 71 skills to skills/
  [32m鉁?[0m Installed get-shit-done
  [32m鉁?[0m Installed agents
  [32m鉁?[0m Installed CHANGELOG.md
  [32m鉁?[0m Wrote VERSION (1.27.4)
  [32m鉁?[0m Wrote file manifest (gsd-file-manifest.json)
  [32m鉁?[0m Generated config.toml with 29 agent roles
  [32m鉁?[0m Generated 29 agent .toml config files
  [32m鉁?[0m Configured Codex hooks (SessionStart)
  Installing for [36mCodex[0m to [36m~\AppData\Local\Temp\gsd-codex-e2e-cK1NJt\codex-home[0m

  [32m鉁?[0m Installed 71 skills to skills/
  [32m鉁?[0m Installed get-shit-done
  [32m鉁?[0m Installed agents
  [32m鉁?[0m Installed CHANGELOG.md
  [32m鉁?[0m Wrote VERSION (1.27.4)
  [32m鉁?[0m Wrote file manifest (gsd-file-manifest.json)
  [32m鉁?[0m Generated config.toml with 29 agent roles
  [32m鉁?[0m Generated 29 agent .toml config files
  [32m鉁?[0m Configured Codex hooks (SessionStart)
  Installing for [36mCodex[0m to [36m~\AppData\Local\Temp\gsd-codex-e2e-COYJXK\codex-home[0m

  [32m鉁?[0m Installed 71 skills to skills/
  [32m鉁?[0m Installed get-shit-done
  [32m鉁?[0m Installed agents
  [32m鉁?[0m Installed CHANGELOG.md
  [32m鉁?[0m Wrote VERSION (1.27.4)
  [32m鉁?[0m Wrote file manifest (gsd-file-manifest.json)
  [32m鉁?[0m Generated config.toml with 29 agent roles
  [32m鉁?[0m Generated 29 agent .toml config files
  [32m鉁?[0m Configured Codex hooks (SessionStart)
  Installing for [36mCodex[0m to [36m~\AppData\Local\Temp\gsd-codex-e2e-COYJXK\codex-home[0m

  [32m鉁?[0m Installed 71 skills to skills/
  [32m鉁?[0m Installed get-shit-done
  [32m鉁?[0m Installed agents
  [32m鉁?[0m Installed CHANGELOG.md
  [32m鉁?[0m Wrote VERSION (1.27.4)
  [32m鉁?[0m Wrote file manifest (gsd-file-manifest.json)
  [32m鉁?[0m Generated config.toml with 29 agent roles
  [32m鉁?[0m Generated 29 agent .toml config files
  [32m鉁?[0m Configured Codex hooks (SessionStart)
  Installing for [36mCodex[0m to [36m~\AppData\Local\Temp\gsd-codex-e2e-X7gueZ\codex-home[0m

  [32m鉁?[0m Installed 71 skills to skills/
  [32m鉁?[0m Installed get-shit-done
  [32m鉁?[0m Installed agents
  [32m鉁?[0m Installed CHANGELOG.md
  [32m鉁?[0m Wrote VERSION (1.27.4)
  [32m鉁?[0m Wrote file manifest (gsd-file-manifest.json)
  [32m鉁?[0m Generated config.toml with 29 agent roles
  [32m鉁?[0m Generated 29 agent .toml config files
  [32m鉁?[0m Configured Codex hooks (SessionStart)
  Installing for [36mCodex[0m to [36m~\AppData\Local\Temp\gsd-codex-e2e-X7gueZ\codex-home[0m

  [32m鉁?[0m Installed 71 skills to skills/
  [32m鉁?[0m Installed get-shit-done
  [32m鉁?[0m Installed agents
  [32m鉁?[0m Installed CHANGELOG.md
  [32m鉁?[0m Wrote VERSION (1.27.4)
  [32m鉁?[0m Wrote file manifest (gsd-file-manifest.json)
  [32m鉁?[0m Generated config.toml with 29 agent roles
  [32m鉁?[0m Generated 29 agent .toml config files
  [32m鉁?[0m Configured Codex hooks (SessionStart)
  Installing for [36mCodex[0m to [36m~\AppData\Local\Temp\gsd-codex-uninstall-wLkyVv\codex-home[0m

  [32m鉁?[0m Installed 71 skills to skills/
  [32m鉁?[0m Installed get-shit-done
  [32m鉁?[0m Installed agents
  [32m鉁?[0m Installed CHANGELOG.md
  [32m鉁?[0m Wrote VERSION (1.27.4)
  [32m鉁?[0m Wrote file manifest (gsd-file-manifest.json)
  [32m鉁?[0m Generated config.toml with 29 agent roles
  [32m鉁?[0m Generated 29 agent .toml config files
  [32m鉁?[0m Configured Codex hooks (SessionStart)
  Installing for [36mCodex[0m to [36m~\AppData\Local\Temp\gsd-codex-uninstall-M0oRAU\codex-home[0m

  [32m鉁?[0m Installed 71 skills to skills/
  [32m鉁?[0m Installed get-shit-done
  [32m鉁?[0m Installed agents
  [32m鉁?[0m Installed CHANGELOG.md
  [32m鉁?[0m Wrote VERSION (1.27.4)
  [32m鉁?[0m Wrote file manifest (gsd-file-manifest.json)
  [32m鉁?[0m Generated config.toml with 29 agent roles
  [32m鉁?[0m Generated 29 agent .toml config files
  [32m鉁?[0m Configured Codex hooks (SessionStart)
  Installing for [36mCodex[0m to [36m~\AppData\Local\Temp\gsd-codex-uninstall-wLRIkP\codex-home[0m

  [32m鉁?[0m Installed 71 skills to skills/
  [32m鉁?[0m Installed get-shit-done
  [32m鉁?[0m Installed agents
  [32m鉁?[0m Installed CHANGELOG.md
  [32m鉁?[0m Wrote VERSION (1.27.4)
  [32m鉁?[0m Wrote file manifest (gsd-file-manifest.json)
  [32m鉁?[0m Generated config.toml with 29 agent roles
  [32m鉁?[0m Generated 29 agent .toml config files
  [32m鉁?[0m Configured Codex hooks (SessionStart)
  Installing for [36mCodex[0m to [36m~\AppData\Local\Temp\gsd-codex-uninstall-kOySEU\codex-home[0m

  [32m鉁?[0m Installed 71 skills to skills/
  [32m鉁?[0m Installed get-shit-done
  [32m鉁?[0m Installed agents
  [32m鉁?[0m Installed CHANGELOG.md
  [32m鉁?[0m Wrote VERSION (1.27.4)
  [32m鉁?[0m Wrote file manifest (gsd-file-manifest.json)
  [32m鉁?[0m Generated config.toml with 29 agent roles
  [32m鉁?[0m Generated 29 agent .toml config files
  [32m鉁?[0m Configured Codex hooks (SessionStart)
  Installing for [36mCodex[0m to [36m~\AppData\Local\Temp\gsd-codex-uninstall-0OdZfb\codex-home[0m

  [32m鉁?[0m Installed 71 skills to skills/
  [32m鉁?[0m Installed get-shit-done
  [32m鉁?[0m Installed agents
  [32m鉁?[0m Installed CHANGELOG.md
  [32m鉁?[0m Wrote VERSION (1.27.4)
  [32m鉁?[0m Wrote file manifest (gsd-file-manifest.json)
  [32m鉁?[0m Generated config.toml with 29 agent roles
  [32m鉁?[0m Generated 29 agent .toml config files
  [32m鉁?[0m Configured Codex hooks (SessionStart)
  Installing for [36mCodex[0m to [36m~\AppData\Local\Temp\gsd-codex-uninstall-hgEQ6y\codex-home[0m

  [32m鉁?[0m Installed 71 skills to skills/
  [32m鉁?[0m Installed get-shit-done
  [32m鉁?[0m Installed agents
  [32m鉁?[0m Installed CHANGELOG.md
  [32m鉁?[0m Wrote VERSION (1.27.4)
  [32m鉁?[0m Wrote file manifest (gsd-file-manifest.json)
  [32m鉁?[0m Generated config.toml with 29 agent roles
  [32m鉁?[0m Generated 29 agent .toml config files
  [32m鉁?[0m Configured Codex hooks (SessionStart)
  Installing for [36mCodex[0m to [36m~\AppData\Local\Temp\gsd-codex-uninstall-aIX0E6\codex-home[0m

  [32m鉁?[0m Installed 71 skills to skills/
  [32m鉁?[0m Installed get-shit-done
  [32m鉁?[0m Installed agents
  [32m鉁?[0m Installed CHANGELOG.md
  [32m鉁?[0m Wrote VERSION (1.27.4)
  [32m鉁?[0m Wrote file manifest (gsd-file-manifest.json)
  [32m鉁?[0m Generated config.toml with 29 agent roles
  [32m鉁?[0m Generated 29 agent .toml config files
  [32m鉁?[0m Configured Codex hooks (SessionStart)
  Installing for [36mCodex[0m to [36m~\AppData\Local\Temp\gsd-codex-uninstall-aIX0E6\codex-home[0m

  [32m鉁?[0m Installed 71 skills to skills/
  [32m鉁?[0m Installed get-shit-done
  [32m鉁?[0m Installed agents
  [32m鉁?[0m Installed CHANGELOG.md
  [32m鉁?[0m Wrote VERSION (1.27.4)
  [32m鉁?[0m Wrote file manifest (gsd-file-manifest.json)
  [32m鉁?[0m Generated config.toml with 29 agent roles
  [32m鉁?[0m Generated 29 agent .toml config files
  [32m鉁?[0m Configured Codex hooks (SessionStart)
  Installing for [36mCodex[0m to [36m~\AppData\Local\Temp\gsd-codex-uninstall-HLQ7R0\codex-home[0m

  [32m鉁?[0m Installed 71 skills to skills/
  [32m鉁?[0m Installed get-shit-done
  [32m鉁?[0m Installed agents
  [32m鉁?[0m Installed CHANGELOG.md
  [32m鉁?[0m Wrote VERSION (1.27.4)
  [32m鉁?[0m Wrote file manifest (gsd-file-manifest.json)
  [32m鉁?[0m Generated config.toml with 29 agent roles
  [32m鉁?[0m Generated 29 agent .toml config files
  [32m鉁?[0m Configured Codex hooks (SessionStart)
鈻?getCodexSkillAdapterHeader
  鉁?contains all three sections (0.7521ms)
  鉁?includes correct invocation syntax (0.1785ms)
  鉁?section B maps AskUserQuestion parameters (0.1299ms)
  鉁?section C maps Task to spawn_agent (0.136ms)
鉁?getCodexSkillAdapterHeader (2.2486ms)
鈻?convertClaudeAgentToCodexAgent
  鉁?adds codex_agent_role header and cleans frontmatter (0.8781ms)
  鉁?converts slash commands in body (0.2396ms)
  鉁?handles content without frontmatter (0.1515ms)
鉁?convertClaudeAgentToCodexAgent (1.4608ms)
鈻?generateCodexAgentToml
  鉁?sets workspace-write for executor (0.3499ms)
  鉁?sets read-only for plan-checker (0.2092ms)
  鉁?includes developer_instructions from body (0.2205ms)
  鉁?includes required name and description fields (0.1156ms)
  鉁?falls back to generated description when frontmatter is missing fields (0.0951ms)
  鉁?defaults unknown agents to read-only (0.0769ms)
鉁?generateCodexAgentToml (1.3808ms)
鈻?CODEX_AGENT_SANDBOX
  鉁?has all 11 agents mapped (0.1028ms)
  鉁?workspace-write agents have write tools (0.0928ms)
  鉁?read-only agents have no write tools (0.1141ms)
鉁?CODEX_AGENT_SANDBOX (0.4063ms)
鈻?generateCodexConfigBlock
  鉁?starts with GSD marker (0.1348ms)
  鉁?does not include feature flags or agents table header (0.1534ms)
  鉁?includes per-agent sections (0.0916ms)
鉁?generateCodexConfigBlock (0.4898ms)
鈻?stripGsdFromCodexConfig
  鉁?returns null for GSD-only config (0.7026ms)
  鉁?preserves user content before marker (1.0453ms)
  鉁?strips injected feature keys without marker (0.4426ms)
  鉁?removes empty [features] section (0.1383ms)
  鉁?strips injected keys above marker on uninstall (0.2579ms)
  鉁?removes [agents.gsd-*] sections (0.3884ms)
鉁?stripGsdFromCodexConfig (3.1822ms)
鈻?mergeCodexConfig
  鉁?case 1: creates new config.toml (3.475ms)
  鉁?case 2: replaces existing GSD block (14.3316ms)
  鉁?case 3: appends to config without GSD marker (9.9824ms)
  鉁?case 3 with existing [features]: preserves user features, does not inject GSD keys (11.6504ms)
  鉁?case 3 strips existing [agents.gsd-*] sections before appending fresh block (21.1101ms)
  鉁?idempotent: re-merge produces same result (11.9338ms)
  鉁?case 2 after case 3 with existing [features]: no duplicate sections (13.1763ms)
  鉁?case 2 does not inject feature keys (19.1832ms)
  鉁?case 2 strips leaked [agents] and [agents.gsd-*] from before content (19.301ms)
  鉁?case 2 strips leaked GSD-managed sections above marker in CRLF files (13.0961ms)
  鉁?case 2 preserves user-authored [agents] tables while stripping leaked GSD sections in CRLF files (27.8547ms)
  鉁?case 2 idempotent after case 3 with existing [features] (23.6771ms)
  鉁?preserves CRLF when appending GSD block to existing config (23.4555ms)
  鉁?uses the first newline style when appending GSD block to mixed-EOL configs (9.3037ms)
鉁?mergeCodexConfig (222.9097ms)
鈻?installCodexConfig (integration)
  鉁?generates config.toml and agent .toml files (147.5164ms)
鉁?installCodexConfig (integration) (148.4508ms)
鈻?codex features section safety
  鉁?non-boolean keys under [features] are moved to top level (0.8005ms)
  鉁?boolean keys under [features] are NOT flagged (0.2781ms)
鉁?codex features section safety (1.2339ms)
鈻?Codex install hook configuration (e2e)
  鉁?fresh CODEX_HOME enables codex_hooks without draft root defaults (1408.0738ms)
  鉁?existing LF config without [features] gets one features block and preserves user content (1507.3726ms)
  鉁?existing CRLF config without [features] preserves CRLF and adds codex_hooks (1269.8054ms)
  鉁?existing CRLF [features] comment-only table gets codex_hooks without losing adjacent text (1146.2141ms)
  鉁?existing [features] with trailing comment gets one codex_hooks without a second table (1375.3757ms)
  鉁?existing [features] at EOF without trailing newline is updated in place (1395.7684ms)
  鉁?existing empty [features] and codex_hooks = false are normalized and remain idempotent (2921.2561ms)
  鉁?quoted codex_hooks keys inside [features] are normalized without adding a bare duplicate (2088.7228ms)
  鉁?quoted [features] headers are recognized as the existing features table (1718.1463ms)
  鉁?quoted table headers containing # are parsed without treating # as a comment start (1739.1276ms)
  鉁?existing dotted features config stays dotted and does not grow a [features] table (1633.7808ms)
  鉁?root inline-table features assignments are left untouched without appending invalid dotted keys or hooks (1510.7596ms)
  鉁?root scalar features assignments are left untouched without appending invalid dotted keys or hooks (1449.2987ms)
  鉁?quoted dotted codex_hooks keys stay dotted and are normalized without duplication (1388.4007ms)
  鉁?multiline dotted features assignments insert codex_hooks after the full assignment block (1419.1363ms)
  鉁?existing empty [features] table is populated with one codex_hooks key (940.5481ms)
  鉁?multiline strings inside [features] do not create fake tables or fake codex_hooks matches (897.5072ms)
  鉁?non-boolean codex_hooks assignments are normalized to true without duplication (716.0504ms)
  鉁?multiline basic-string codex_hooks assignments are fully normalized without leaving trailing lines behind (1522.6014ms)
  鉁?multiline literal-string codex_hooks assignments are fully normalized without leaving trailing lines behind (1536.7694ms)
  鉁?multiline array codex_hooks assignments are fully normalized without leaving trailing lines behind (1644.5505ms)
  鉁?triple-quoted codex_hooks values keep inline comments when normalized (665.4835ms)
  鉁?existing CRLF codex_hooks = true stays single and preserves non-GSD hooks (1413.4545ms)
  鉁?codex_hooks = true with an inline comment is treated as enabled for hook installation (1388.9253ms)
  鉁?mixed-EOL configs use the first newline style for inserted Codex content (1567.2174ms)
鉁?Codex install hook configuration (e2e) (36266.6845ms)
鈻?Codex uninstall symmetry for hook-enabled configs
  鉁?fresh install removes the GSD-added codex_hooks feature on uninstall (712.9627ms)
  鉁?install then uninstall removes [features].codex_hooks while preserving other feature keys, comments, hooks, and CRLF (732.9788ms)
  鉁?install then uninstall removes dotted features.codex_hooks without creating a [features] table (699.8054ms)
  鉁?install then uninstall preserves a pre-existing [features].codex_hooks = true (700.3035ms)
  鉁?install then uninstall preserves a pre-existing quoted [features]."codex_hooks" = true (721.8346ms)
  鉁?install then uninstall preserves a pre-existing root dotted features.codex_hooks = true (753.3814ms)
  鉁?install then uninstall leaves short-circuited root features assignments untouched (1406.9308ms)
  鉁?install then uninstall keeps mixed-EOL user content stable while removing GSD hook state (707.2027ms)
鉁?Codex uninstall symmetry for hook-enabled configs (6436.2153ms)
鈻?history-digest command
  鉁?empty phases directory returns valid schema (292.1503ms)
  鉁?nested frontmatter fields extracted correctly (457.8114ms)
  鉁?multiple phases merged into single digest (417.3343ms)
  鉁?malformed SUMMARY.md skipped gracefully (307.4474ms)
  鉁?flat provides field still works (backward compatibility) (387.6299ms)
  鉁?inline array syntax supported (321.7917ms)
鉁?history-digest command (2185.8414ms)
鈻?summary-extract command
  鉁?missing file returns error (329.1268ms)
  鉁?extracts all fields from SUMMARY.md (375.3281ms)
  鉁?selective extraction with --fields (491.779ms)
  鉁?extracts one-liner from body when not in frontmatter (291.9436ms)
  鉁?handles missing frontmatter fields gracefully (339.9613ms)
  鉁?parses key-decisions with rationale (292.964ms)
鉁?summary-extract command (2121.8439ms)
鈻?progress command
  鉁?renders JSON progress (372.3623ms)
  鉁?renders bar format (344.6142ms)
  鉁?renders table format (323.3997ms)
  鉁?does not crash when summaries exceed plans (orphaned SUMMARY.md) (803.5115ms)
鉁?progress command (1844.3711ms)
鈻?todo complete command
  鉁?moves todo from pending to completed (328.9084ms)
  鉁?fails for nonexistent todo (255.1656ms)
鉁?todo complete command (584.3264ms)
鈻?todo match-phase command
  鉁?returns empty matches when no todos exist (270.254ms)
  鉁?matches todo by keyword overlap with phase name (356.787ms)
  鉁?does not match unrelated todo (262.6842ms)
  鉁?matches todo by area overlap (313.2596ms)
  鉁?sorts matches by score descending (309.8119ms)
鉁?todo match-phase command (1513.7716ms)
鈻?scaffold command
  鉁?scaffolds context file (236.4853ms)
  鉁?scaffolds UAT file (319.5732ms)
  鉁?scaffolds verification file (268.0433ms)
  鉁?scaffolds phase directory (254.7985ms)
  鉁?does not overwrite existing files (287.0768ms)
鉁?scaffold command (1366.4051ms)
鈻?generate-slug command
  鉁?converts normal text to slug (237.5344ms)
  鉁?strips special characters (228.6709ms)
  鉁?preserves numbers (221.8015ms)
  鉁?strips leading and trailing hyphens (235.9927ms)
  鉁?fails when no text provided (245.0482ms)
鉁?generate-slug command (1169.528ms)
鈻?current-timestamp command
  鉁?date format returns YYYY-MM-DD (187.9329ms)
  鉁?filename format returns ISO without colons or fractional seconds (202.3573ms)
  鉁?full format returns full ISO string (250.206ms)
  鉁?default (no format) returns full ISO string (215.1339ms)
鉁?current-timestamp command (856.0231ms)
鈻?list-todos command
  鉁?empty directory returns zero count (184.3317ms)
  鉁?returns multiple todos with correct fields (231.1026ms)
  鉁?area filter returns only matching todos (215.0048ms)
  鉁?area filter miss returns zero count (168.0715ms)
  鉁?malformed files use defaults (199.5502ms)
鉁?list-todos command (998.5271ms)
鈻?verify-path-exists command
  鉁?existing file returns exists=true with type=file (205.6464ms)
  鉁?existing directory returns exists=true with type=directory (183.0097ms)
  鉁?missing path returns exists=false (179.1382ms)
  鉁?absolute path resolves correctly (190.365ms)
  鉁?fails when no path provided (222.6028ms)
鉁?verify-path-exists command (981.2198ms)
鈻?resolve-model command
  鉁?known agent returns model and profile without unknown_agent (185.2214ms)
  鉁?unknown agent returns unknown_agent=true (163.063ms)
  鉁?default profile fallback when no config exists (188.4372ms)
  鉁?fails when no agent-type provided (182.6541ms)
鉁?resolve-model command (719.7058ms)
鈻?commit command
  鉁?skips when commit_docs is false (633.8336ms)
  鉁?skips when .planning is gitignored (835.5409ms)
  鉁?handles nothing to commit (737.4842ms)
  鉁?creates real commit with correct hash (892.811ms)
  鉁?amend mode works without crashing (989.5767ms)
鉁?commit command (4089.757ms)
鈻?websearch command
  鉁?returns available=false when BRAVE_API_KEY is unset (0.8297ms)
  鉁?returns error when no query provided (0.8306ms)
  鉁?returns results for successful API response (0.3518ms)
  鉁?constructs correct URL parameters (0.3729ms)
  鉁?handles API error (non-200 status) (0.2734ms)
  鉁?handles network failure (0.1829ms)
鉁?websearch command (3.0822ms)
鈻?stats command
  鉁?returns valid JSON with empty project (266.8323ms)
  鉁?counts phases, plans, and summaries correctly (236.772ms)
  鉁?counts requirements from REQUIREMENTS.md (212.8713ms)
  鉁?reads last activity from STATE.md (239.1922ms)
  鉁?reads last activity from plain STATE.md template format (249.2055ms)
  鉁?includes roadmap-only phases in totals and preserves hyphenated names (235.4818ms)
  鉁?reports git commit count and first commit date from repository history (774.4057ms)
  鉁?table format renders readable output (248.6975ms)
鉁?stats command (2463.9996ms)
鈻?config-ensure-section command
  鉁?creates config.json with expected structure and types (288.1991ms)
  鉁?is idempotent 鈥?returns already_exists on second call (764.5161ms)
  鉁?detects Brave Search from file-based key (360.4874ms)
  鉁?merges user defaults from defaults.json (414.9059ms)
  鉁?merges nested workflow keys from defaults.json preserving unset keys (374.9897ms)
鉁?config-ensure-section command (2204.5308ms)
鈻?config-set command
  鉁?sets a top-level string value (685.1981ms)
  鉁?coerces true to boolean (713.9862ms)
  鉁?coerces false to boolean (560.2415ms)
  鉁?coerces numeric strings to numbers (745.6586ms)
  鉁?preserves plain strings (586.3677ms)
  鉁?sets nested values via dot-notation (602.8653ms)
  鉁?auto-creates nested objects for dot-notation (549.4544ms)
  鉁?rejects unknown config keys (708.6323ms)
  鉁?sets workflow.text_mode for remote session support (594.4696ms)
  鉁?errors when no key path provided (525.4547ms)
  鉁?rejects known invalid nyquist alias keys with a suggestion (593.5612ms)
鉁?config-set command (6867.2154ms)
鈻?config-get command
  鉁?gets a top-level value (508.647ms)
  鉁?gets a nested value via dot-notation (416.1999ms)
  鉁?errors for nonexistent key (399.1952ms)
  鉁?errors for deeply nested nonexistent key (455.4275ms)
  鉁?errors when config.json does not exist (445.6665ms)
  鉁?errors when no key path provided (450.545ms)
鉁?config-get command (2676.3918ms)
鈻?config-new-project command
  鉁?creates full config with all expected keys (210.1242ms)
  鉁?user choices override defaults (174.5851ms)
  鉁?works with empty choices 鈥?all defaults materialized (159.4277ms)
  鉁?is idempotent 鈥?returns already_exists if config exists (338.4569ms)
  鉁?auto_advance in workflow choices is preserved (189.6313ms)
  鉁?rejects invalid JSON choices (176.941ms)
  鉁?output has created:true and path on success (169.8176ms)
鉁?config-new-project command (1419.4831ms)
鈻?config-set unknown key (no suggestion)
  鉁?rejects a key that has no suggestion (386.4212ms)
鉁?config-set unknown key (no suggestion) (386.5346ms)
鈻?config-get edge cases
  鉁?errors when traversing a dot-path through a non-object value (217.4344ms)
  鉁?errors when config.json contains malformed JSON (176.0042ms)
鉁?config-get edge cases (393.6475ms)
鈻?config-set-model-profile command
  鉁?sets a valid profile and updates config (353.0261ms)
  鉁?reports previous profile in output (394.2437ms)
  鉁?setting the same profile is a no-op on config but still succeeds (535.7535ms)
  鉁?is case-insensitive (364.0093ms)
  鉁?rejects invalid profile (347.6955ms)
  鉁?errors when no profile provided (412.8236ms)
  鉁?creates config if missing before setting profile (350.469ms)
鉁?config-set-model-profile command (2758.5762ms)

[36m   鈻堚枅鈻堚枅鈻堚枅鈺?鈻堚枅鈻堚枅鈻堚枅鈻堚晽鈻堚枅鈻堚枅鈻堚枅鈺?  鈻堚枅鈺斺晲鈺愨晲鈺愨暆 鈻堚枅鈺斺晲鈺愨晲鈺愨暆鈻堚枅鈺斺晲鈺愨枅鈻堚晽
  鈻堚枅鈺? 鈻堚枅鈻堚晽鈻堚枅鈻堚枅鈻堚枅鈻堚晽鈻堚枅鈺? 鈻堚枅鈺?  鈻堚枅鈺?  鈻堚枅鈺戔暁鈺愨晲鈺愨晲鈻堚枅鈺戔枅鈻堚晳  鈻堚枅鈺?  鈺氣枅鈻堚枅鈻堚枅鈻堚晹鈺濃枅鈻堚枅鈻堚枅鈻堚枅鈺戔枅鈻堚枅鈻堚枅鈻堚晹鈺?   鈺氣晲鈺愨晲鈺愨晲鈺?鈺氣晲鈺愨晲鈺愨晲鈺愨暆鈺氣晲鈺愨晲鈺愨晲鈺?[0m

  Get Shit Done [2mv1.27.4[0m
  A meta-prompting, context engineering and spec-driven
  development system for Claude Code, OpenCode, Gemini, Codex, Copilot, Antigravity, Cursor, and CodeBuddy by T脗CHES.

鈻?getDirName (Copilot)
  鉁?returns .github for copilot (0.6145ms)
  鉁?does not break existing runtimes (0.1896ms)
鉁?getDirName (Copilot) (1.6218ms)
鈻?getGlobalDir (Copilot)
  鉁?returns ~/.copilot with no env var or explicit dir (0.4042ms)
  鉁?returns explicit dir when provided (0.1451ms)
  鉁?respects COPILOT_CONFIG_DIR env var (0.3485ms)
  鉁?explicit dir takes priority over COPILOT_CONFIG_DIR (0.2666ms)
  鉁?does not break existing runtimes (0.2268ms)
鉁?getGlobalDir (Copilot) (1.7567ms)
鈻?getConfigDirFromHome (Copilot)
  鉁?returns .github path string for local (isGlobal=false) (0.2044ms)
  鉁?returns .copilot path string for global (isGlobal=true) (0.1071ms)
  鉁?does not break existing runtimes (0.1135ms)
鉁?getConfigDirFromHome (Copilot) (0.5871ms)
鈻?Source code integration (Copilot)
  鉁?CLI-01: --copilot flag parsing exists (0.2452ms)
  鉁?CLI-03: --all array includes copilot (0.0928ms)
  鉁?CLI-06: banner text includes Copilot (0.0541ms)
  鉁?CLI-06: help text includes --copilot (0.053ms)
  鉁?CLI-02: promptRuntime has Copilot as option 5 (0.1951ms)
  鉁?CLI-02: promptRuntime has All option including copilot (0.2486ms)
  鉁?isCopilot variable exists in install function (0.1552ms)
  鉁?hooks are skipped for Copilot (0.1407ms)
  鉁?--both flag unchanged (still claude + opencode only) (0.1955ms)
鉁?Source code integration (Copilot) (1.6465ms)
鈻?convertCopilotToolName
  鉁?maps Read to read (0.2681ms)
  鉁?maps Write to edit (0.1092ms)
  鉁?maps Edit to edit (same as Write) (0.1644ms)
  鉁?maps Bash to execute (0.1194ms)
  鉁?maps Grep to search (0.0643ms)
  鉁?maps Glob to search (same as Grep) (0.0522ms)
  鉁?maps Task to agent (0.0538ms)
  鉁?maps WebSearch to web (0.0478ms)
  鉁?maps WebFetch to web (same as WebSearch) (0.0523ms)
  鉁?maps TodoWrite to todo (0.078ms)
  鉁?maps AskUserQuestion to ask_user (0.084ms)
  鉁?maps SlashCommand to skill (0.089ms)
  鉁?maps mcp__context7__ prefix to io.github.upstash/context7/ (0.1027ms)
  鉁?maps mcp__context7__* wildcard (0.1434ms)
  鉁?lowercases unknown tools as fallback (0.1335ms)
  鉁?mapping constant has 13 entries (12 direct + mcp handled separately) (0.0488ms)
鉁?convertCopilotToolName (2.0524ms)
鈻?convertClaudeToCopilotContent
  鉁?replaces ~/.claude/ with .github/ in local mode (default) (0.3027ms)
  鉁?replaces ~/.claude/ with ~/.copilot/ in global mode (0.0768ms)
  鉁?replaces ./.claude/ with ./.github/ (0.1218ms)
  鉁?replaces bare .claude/ with .github/ (0.084ms)
  鉁?replaces $HOME/.claude/ with .github/ in local mode (default) (0.0679ms)
  鉁?replaces $HOME/.claude/ with $HOME/.copilot/ in global mode (0.0853ms)
  鉁?converts gsd: to gsd- in command names (0.0509ms)
  鉁?handles mixed content in local mode (0.1145ms)
  鉁?handles mixed content in global mode (0.1018ms)
  鉁?does not double-replace in local mode (0.09ms)
  鉁?does not double-replace in global mode (0.0692ms)
  鉁?preserves content with no matches (0.0689ms)
鉁?convertClaudeToCopilotContent (1.6065ms)
鈻?convertClaudeCommandToCopilotSkill
  鉁?converts frontmatter with all fields (3.3676ms)
  鉁?handles skill without allowed-tools (0.2946ms)
  鉁?handles skill without argument-hint (0.1103ms)
  鉁?argument-hint with inner single quotes uses double-quote YAML delimiter (0.1237ms)
  鉁?applies CONV-06 path conversion to body (local mode) (0.0857ms)
  鉁?applies CONV-06 path conversion to body (global mode) (0.0712ms)
  鉁?applies CONV-07 command name conversion to body (0.2359ms)
  鉁?handles content without frontmatter (local mode) (0.0662ms)
  鉁?preserves agent field in frontmatter (0.0753ms)
鉁?convertClaudeCommandToCopilotSkill (4.7492ms)
鈻?convertClaudeAgentToCopilotAgent
  鉁?maps and deduplicates tools (0.3611ms)
  鉁?formats tools as JSON array (0.2456ms)
  鉁?preserves name description and color (0.1763ms)
  鉁?handles mcp__context7__ tools (0.0977ms)
  鉁?handles agent with no tools field (0.0644ms)
  鉁?applies CONV-06 and CONV-07 to body (local mode) (0.127ms)
  鉁?applies CONV-06 and CONV-07 to body (global mode) (0.0762ms)
  鉁?handles content without frontmatter (local mode) (0.0629ms)
鉁?convertClaudeAgentToCopilotAgent (1.4591ms)
鈻?copyCommandsAsCopilotSkills
  鉁?creates skill folders from source commands (111.218ms)
  鉁?skill content has Copilot frontmatter format (197.1975ms)
  鉁?generates gsd-autonomous skill from autonomous.md command (156.5534ms)
  鉁?autonomous skill body converts gsd: to gsd- (CONV-07) (0.5261ms)
  鉁?cleans up old skill directories on re-run (152.1516ms)
鉁?copyCommandsAsCopilotSkills (618.0807ms)
鈻?Copilot agent conversion - real files
  鉁?converts gsd-executor agent correctly (0.8345ms)
  鉁?converts agent with mcp wildcard tools correctly (0.6195ms)
  鉁?all 29 agents convert without error (7.0451ms)
鉁?Copilot agent conversion - real files (8.7326ms)
鈻?Copilot content conversion - engine files
  鉁?converts engine .md files correctly (local mode default) (0.4822ms)
  鉁?converts engine .md files correctly (global mode) (0.2609ms)
  鉁?converts engine .cjs files correctly (0.432ms)
鉁?Copilot content conversion - engine files (1.3282ms)
鈻?Copilot instructions merge/strip
  鈻?mergeCopilotInstructions
    鉁?creates file from scratch when none exists (10.5299ms)
    鉁?replaces GSD section when both markers present (11.7744ms)
    鉁?appends to existing file when no markers present (18.0459ms)
    鉁?handles file that is GSD-only (re-creates cleanly) (18.8679ms)
    鉁?preserves user content before and after markers (20.0737ms)
  鉁?mergeCopilotInstructions (79.7402ms)
  鈻?stripGsdFromCopilotInstructions
    鉁?returns null when content is GSD-only (0.3371ms)
    鉁?returns cleaned content when user content exists before markers (0.1344ms)
    鉁?returns cleaned content when user content exists after markers (0.1051ms)
    鉁?returns cleaned content preserving both before and after (0.1936ms)
    鉁?returns original content when no markers found (0.0859ms)
  鉁?stripGsdFromCopilotInstructions (1.0945ms)
鉁?Copilot instructions merge/strip (80.9815ms)
鈻?Copilot uninstall skill removal
  鉁?identifies gsd-* skill directories for removal (9.842ms)
  鉁?cleans GSD section from copilot-instructions.md on uninstall (0.9045ms)
  鉁?deletes copilot-instructions.md when GSD-only on uninstall (0.8821ms)
鉁?Copilot uninstall skill removal (11.8289ms)
鈻?Copilot manifest and patches fixes
  鉁?writeManifest hashes skills for Copilot runtime (23.8156ms)
  鉁?reportLocalPatches shows /gsd-reapply-patches for Copilot (11.6416ms)
  鉁?reportLocalPatches shows /gsd:reapply-patches for Claude (unchanged) (11.9886ms)
鉁?Copilot manifest and patches fixes (47.7422ms)
鈻?E2E: Copilot full install verification
  鉁?installs expected number of skill directories (628.8935ms)
  鉁?each skill directory contains SKILL.md (851.2037ms)
  鉁?installs expected number of agent files (664.3264ms)
  鉁?installs all expected agent files (612.1746ms)
  鉁?generates copilot-instructions.md with GSD markers (649.08ms)
  鉁?creates manifest with correct structure (614.9305ms)
  鉁?manifest contains expected file categories (510.9181ms)
  鉁?manifest SHA256 hashes match actual file contents (658.7248ms)
  鉁?engine directory contains required subdirectories and files (595.981ms)
鉁?E2E: Copilot full install verification (5787.0082ms)
鈻?E2E: Copilot uninstall verification
  鉁?removes engine directory (1030.2231ms)
  鉁?removes copilot-instructions.md (871.7948ms)
  鉁?removes all GSD skill directories (770.7399ms)
  鉁?removes all GSD agent files (634.7749ms)
  鉁?preserves non-GSD content in skills directory (1170.4308ms)
  鉁?preserves non-GSD content in agents directory (1507.6676ms)
鉁?E2E: Copilot uninstall verification (5986.103ms)
鈻?loadConfig
  鉁?returns defaults when config.json is missing (4.2567ms)
  鉁?reads model_profile from config.json (84.586ms)
  鉁?reads nested config keys (12.0868ms)
  鉁?reads branching_strategy from git section (81.4249ms)
  鉁?returns model_overrides when present (REG-01) (65.1458ms)
  鉁?returns model_overrides as null when not in config (143.2348ms)
  鉁?returns defaults when config.json contains invalid JSON (9.7995ms)
  鉁?handles parallelization as boolean (152.6658ms)
  鉁?handles parallelization as object with enabled field (77.3564ms)
  鉁?prefers top-level keys over nested keys (10.2079ms)
鉁?loadConfig (643.1996ms)
鈻?loadConfig commit_docs gitignore auto-detection (#1250)
  鉁?commit_docs defaults to false when .planning/ is gitignored and no explicit config (973.953ms)
  鉁?commit_docs defaults to true when .planning/ is NOT gitignored and no explicit config (930.9897ms)
  鉁?explicit commit_docs: false is respected even when .planning/ is not gitignored (888.0282ms)
  鉁?explicit commit_docs: true is respected even when .planning/ is gitignored (931.0904ms)
  鉁?commit_docs auto-detect works with no config.json (704.5748ms)
鉁?loadConfig commit_docs gitignore auto-detection (#1250) (4429.2669ms)
鈻?resolveModelInternal
  鈻?model profile structural validation
    鉁?all known agents resolve to a valid string for each profile (1121.2336ms)
    鉁?inherit profile forces all known agents to inherit model (335.0628ms)
  鉁?model profile structural validation (1456.5094ms)
  鈻?override precedence
    鉁?per-agent override takes precedence over profile (112.9495ms)
    鉁?opus override resolves to opus (64.2185ms)
    鉁?agents not in override fall back to profile (58.9175ms)
  鉁?override precedence (236.3848ms)
  鈻?edge cases
    鉁?returns sonnet for unknown agent type (159.8708ms)
    鉁?returns sonnet for unknown agent type even with inherit profile (54.5891ms)
    鉁?defaults to balanced profile when model_profile missing (78.6352ms)
  鉁?edge cases (293.4636ms)
鉁?resolveModelInternal (1986.6374ms)
鈻?escapeRegex
  鉁?escapes dots (0.3523ms)
  鉁?escapes all special regex characters (0.1129ms)
  鉁?handles empty string (0.1102ms)
  鉁?returns plain string unchanged (0.0885ms)
鉁?escapeRegex (0.816ms)
鈻?generateSlugInternal
  鉁?converts text to lowercase kebab-case (0.2335ms)
  鉁?removes special characters (0.0848ms)
  鉁?trims leading and trailing hyphens (0.0481ms)
  鉁?returns null for null input (0.039ms)
  鉁?returns null for empty string (0.0377ms)
鉁?generateSlugInternal (0.561ms)
鈻?safeReadFile
  鉁?reads existing file (9.4673ms)
  鉁?returns null for missing file (1.1482ms)
鉁?safeReadFile (10.8079ms)
鈻?pathExistsInternal
  鉁?returns true for existing path (2.6768ms)
  鉁?returns false for non-existing path (2.4657ms)
  鉁?handles absolute paths (2.5141ms)
鉁?pathExistsInternal (7.8727ms)
鈻?getMilestoneInfo
  鉁?extracts version and name from roadmap (10.6079ms)
  鉁?returns defaults when roadmap missing (2.2132ms)
  鉁?returns active milestone when shipped milestone is collapsed in details block (11.5549ms)
  鉁?returns active milestone when multiple shipped milestones exist in details blocks (12.266ms)
  鉁?returns defaults when roadmap has no heading matches (9.6184ms)
鉁?getMilestoneInfo (46.7325ms)
鈻?searchPhaseInDir
  鉁?finds phase directory by normalized prefix (3.4612ms)
  鉁?returns plans and summaries (4.3282ms)
  鉁?identifies incomplete plans (5.9147ms)
  鉁?detects research and context files (5.3324ms)
  鉁?returns null when phase not found (2.7217ms)
  鉁?generates phase_slug from directory name (2.5825ms)
鉁?searchPhaseInDir (24.763ms)
鈻?findPhaseInternal
  鉁?finds phase in current phases directory (4.4559ms)
  鉁?returns null for non-existent phase (3.9224ms)
  鉁?returns null for null phase (3.0436ms)
  鉁?searches archived milestones when not in current (5.9042ms)
鉁?findPhaseInternal (17.6191ms)
鈻?getRoadmapPhaseInternal
  鉁?is exported from core.cjs (REG-02) (10.5818ms)
  鉁?extracts phase name and goal from roadmap (11.4108ms)
  鉁?returns goal when Goal uses colon-outside-bold format (11.4354ms)
  鉁?returns null when roadmap missing (3.0258ms)
  鉁?returns null when phase not in roadmap (3.2427ms)
  鉁?returns null for null phase number (2.193ms)
  鉁?extracts full section text (9.5302ms)
鉁?getRoadmapPhaseInternal (51.9496ms)
鈻?getMilestonePhaseFilter
  鉁?filters directories to only current milestone phases (14.3145ms)
  鉁?returns pass-all filter when ROADMAP.md is missing (3.0741ms)
  鉁?returns pass-all filter when ROADMAP has no phase headings (9.3853ms)
  鉁?handles letter-suffix phases (e.g. 3A) (10.4331ms)
  鉁?handles decimal phases (e.g. 5.1) (4.942ms)
  鉁?returns false for non-phase directory names (6.7068ms)
  鉁?phaseCount reflects ROADMAP phase count (10.9677ms)
  鉁?phaseCount is 0 when ROADMAP is missing (5.0286ms)
  鉁?phaseCount is 0 when ROADMAP has no phase headings (10.3909ms)
鉁?getMilestonePhaseFilter (76.2226ms)
鈻?normalizeMd
  鉁?returns null/undefined/empty unchanged (0.5044ms)
  鉁?MD022: adds blank lines around headings (0.339ms)
  鉁?MD032: adds blank line before list after non-list content (0.1204ms)
  鉁?MD032: adds blank line after list before non-list content (1.9336ms)
  鉁?MD032: does not add extra blank lines between list items (0.4215ms)
  鉁?MD031: adds blank lines around fenced code blocks (0.6484ms)
  鉁?MD012: collapses 3+ consecutive blank lines to 2 (0.4386ms)
  鉁?MD047: ensures file ends with single newline (0.0835ms)
  鉁?MD047: trims trailing multiple newlines (0.0562ms)
  鉁?preserves frontmatter delimiters (0.0786ms)
  鉁?handles CRLF line endings (0.0752ms)
  鉁?handles ordered lists (0.1985ms)
  鉁?does not add blank line between table and list (0.1308ms)
  鉁?complex real-world STATE.md-like content (0.1569ms)
鉁?normalizeMd (6.0128ms)
鈻?stale hook filter
  鉁?filter should only match gsd-prefixed .js files (0.1562ms)
鉁?stale hook filter (0.215ms)
鈻?stale hook path
  鉁?gsd-check-update.js checks get-shit-done/hooks/ not configDir/hooks/ (0.6198ms)
鉁?stale hook path (0.6693ms)
鈻?resolveWorktreeRoot
  鉁?returns cwd when not in a git repo (125.986ms)
  鉁?returns cwd in a normal git repo (not a worktree) (232.4073ms)
鉁?resolveWorktreeRoot (358.5475ms)
鈻?withPlanningLock
  鉁?executes function and returns result (3.1402ms)
  鉁?cleans up lock file even on error (2.207ms)
  鉁?recovers from stale lock (>30s old) (2.5782ms)
鉁?withPlanningLock (8.1098ms)
鈻?detectSubRepos
  鉁?returns empty array when no child directories have .git (2.0314ms)
  鉁?detects directories with .git (2.5322ms)
  鉁?returns sorted results (3.6691ms)
  鉁?skips hidden directories (2.7834ms)
  鉁?skips node_modules (2.9514ms)
鉁?detectSubRepos (14.1981ms)
鈻?loadConfig sub_repos auto-sync
  鉁?migrates multiRepo: true to sub_repos array (15.6066ms)
  鉁?adds newly detected repos to sub_repos (90.8152ms)
  鉁?removes repos that no longer have .git (72.3237ms)
  鉁?does not sync when sub_repos is empty and no repos detected (89.3596ms)
鉁?loadConfig sub_repos auto-sync (268.4581ms)
鈻?findProjectRoot
  鉁?returns startDir when no .planning/ exists anywhere (2.6945ms)
  鉁?returns startDir when .planning/ is in startDir itself (1.4554ms)
  鉁?walks up to parent with .planning/ and sub_repos config listing this dir (9.4815ms)
  鉁?walks up from nested sub-repo subdirectory (3.8234ms)
  鉁?walks up via legacy multiRepo flag (12.1957ms)
  鉁?walks up via .git heuristic when no config exists (2.9991ms)
  鉁?walks up from nested path inside sub-repo via .git heuristic (3.4577ms)
  鉁?walks up from nested path inside sub-repo via sub_repos config (4.2253ms)
  鉁?walks up from nested path via legacy multiRepo flag (4.3395ms)
  鉁?does not walk up for dirs without .git when no sub_repos config (2.2019ms)
  鉁?handles planning.sub_repos nested config format (13.4888ms)
  鉁?returns startDir when sub_repos is empty and no .git (3.9391ms)
鉁?findProjectRoot (66.2736ms)
鈻?reapStaleTempFiles
  鉁?removes stale gsd-*.json files older than maxAgeMs (2.0779ms)
  鉁?preserves fresh gsd-*.json files (1.2989ms)
  鉁?removes stale temp directories when present (1.7404ms)
  鉁?does not throw on empty or missing prefix matches (0.795ms)
鉁?reapStaleTempFiles (6.0922ms)

[36m   鈻堚枅鈻堚枅鈻堚枅鈺?鈻堚枅鈻堚枅鈻堚枅鈻堚晽鈻堚枅鈻堚枅鈻堚枅鈺?  鈻堚枅鈺斺晲鈺愨晲鈺愨暆 鈻堚枅鈺斺晲鈺愨晲鈺愨暆鈻堚枅鈺斺晲鈺愨枅鈻堚晽
  鈻堚枅鈺? 鈻堚枅鈻堚晽鈻堚枅鈻堚枅鈻堚枅鈻堚晽鈻堚枅鈺? 鈻堚枅鈺?  鈻堚枅鈺?  鈻堚枅鈺戔暁鈺愨晲鈺愨晲鈻堚枅鈺戔枅鈻堚晳  鈻堚枅鈺?  鈺氣枅鈻堚枅鈻堚枅鈻堚晹鈺濃枅鈻堚枅鈻堚枅鈻堚枅鈺戔枅鈻堚枅鈻堚枅鈻堚晹鈺?   鈺氣晲鈺愨晲鈺愨晲鈺?鈺氣晲鈺愨晲鈺愨晲鈺愨暆鈺氣晲鈺愨晲鈺愨晲鈺?[0m

  Get Shit Done [2mv1.27.4[0m
  A meta-prompting, context engineering and spec-driven
  development system for Claude Code, OpenCode, Gemini, Codex, Copilot, Antigravity, Cursor, and CodeBuddy by T脗CHES.

鈻?convertClaudeCommandToCursorSkill
  鉁?writes unquoted Cursor skill name in frontmatter (1.4102ms)
  鉁?preserves slash for slash commands in markdown body (0.244ms)
鉁?convertClaudeCommandToCursorSkill (3.0482ms)
鈻?convertClaudeAgentToCursorAgent
  鉁?writes unquoted Cursor agent name in frontmatter (0.2086ms)
鉁?convertClaudeAgentToCursorAgent (0.3134ms)
鈻?dispatcher error paths
  鉁?no-command invocation prints usage and exits non-zero (269.6187ms)
  鉁?unknown command produces clear error and exits non-zero (480.4062ms)
  鉁?--cwd= form overrides working directory (366.1349ms)
  鉁?--cwd= with empty value produces error (141.6894ms)
  鉁?--cwd with invalid path produces error (149.5607ms)
  鉁?template unknown subcommand errors (377.1619ms)
  鉁?frontmatter unknown subcommand errors (437.0133ms)
  鉁?verify unknown subcommand errors (378.1253ms)
  鉁?phases unknown subcommand errors (361.2254ms)
  鉁?roadmap unknown subcommand errors (420.5237ms)
  鉁?requirements unknown subcommand errors (348.1136ms)
  鉁?phase unknown subcommand errors (301.8638ms)
  鉁?milestone unknown subcommand errors (414.8354ms)
  鉁?validate unknown subcommand errors (364.4123ms)
  鉁?todo unknown subcommand errors (323.713ms)
  鉁?init unknown workflow errors (319.1745ms)
鉁?dispatcher error paths (5456.3342ms)
鈻?dispatcher routing branches
  鉁?find-phase locates phase directory by number (310.172ms)
  鉁?init resume returns valid JSON (272.7633ms)
  鉁?init verify-work returns valid JSON (342.1078ms)
  鉁?roadmap update-plan-progress updates phase progress (263.0353ms)
  鉁?state with no subcommand calls cmdStateLoad (263.3878ms)
  鉁?summary-extract parses SUMMARY.md frontmatter (434.5799ms)
鉁?dispatcher routing branches (1886.5575ms)
鈻?execute-phase command: active flags are explicit
  鉁?command file exists (0.8635ms)
  鉁?objective says documented flags are not implied active (0.413ms)
  鉁?context separates available flags from active flags (0.3424ms)
  鉁?context explicitly warns against inferring inactive flags (0.3131ms)
鉁?execute-phase command: active flags are explicit (3.1607ms)
鈻?execute-phase command: --wave flag
  鉁?command file exists (0.4929ms)
  鉁?argument-hint includes --wave, --gaps-only, and --interactive (0.2314ms)
  鉁?objective describes wave-filter execution (0.1882ms)
鉁?execute-phase command: --wave flag (1.5019ms)
鈻?execute-phase workflow: wave filtering
  鉁?workflow file exists (0.9385ms)
  鉁?workflow parses WAVE_FILTER from arguments (0.4162ms)
  鉁?workflow enforces lower-wave safety (0.3478ms)
  鉁?workflow has partial-wave completion guardrail (0.4084ms)
鉁?execute-phase workflow: wave filtering (2.3453ms)
鈻?execute-phase docs: user-facing wave flag
  鉁?COMMANDS.md documents --wave usage (0.324ms)
  鉁?help workflow documents --wave behavior (0.3199ms)
鉁?execute-phase docs: user-facing wave flag (0.8302ms)
鈻?frontmatter get
  鉁?returns all fields as JSON (346.4249ms)
  鉁?returns specific field with --field (430.3109ms)
  鉁?returns error for missing field (363.549ms)
  鉁?returns error for missing file (276.3991ms)
  鉁?handles file with no frontmatter (480.85ms)
鉁?frontmatter get (1898.8686ms)
鈻?frontmatter set
  鉁?updates existing field (338.3272ms)
  鉁?adds new field (363.9386ms)
  鉁?handles JSON array value (264.7694ms)
  鉁?returns error for missing file (424.3272ms)
  鉁?preserves body content after set (382.4563ms)
鉁?frontmatter set (1774.4637ms)
鈻?frontmatter merge
  鉁?merges multiple fields into frontmatter (315.2957ms)
  鉁?overwrites existing fields on conflict (396.1085ms)
  鉁?returns error for missing file (362.8678ms)
  鉁?returns error for invalid JSON data (318.2329ms)
鉁?frontmatter merge (1392.9608ms)
鈻?frontmatter validate
  鉁?reports valid for complete plan frontmatter (325.2857ms)
  鉁?reports invalid with missing fields (309.5199ms)
  鉁?validates against summary schema (272.6289ms)
  鉁?validates against verification schema (334.6472ms)
  鉁?returns error for unknown schema (252.5996ms)
  鉁?returns error for missing file (219.2153ms)
鉁?frontmatter validate (1714.39ms)
鈻?extractFrontmatter
  鉁?parses simple key-value pairs (1.923ms)
  鉁?strips quotes from values (0.3772ms)
  鉁?parses nested objects (2.0406ms)
  鉁?parses block arrays (0.647ms)
  鉁?parses inline arrays (0.2487ms)
  鉁?handles quoted commas in inline arrays 鈥?REG-04 known limitation (1.6959ms)
  鉁?returns empty object for no frontmatter (0.254ms)
  鉁?returns empty object for empty frontmatter (0.2376ms)
  鉁?parses frontmatter-only content (1.6378ms)
  鉁?handles emoji and non-ASCII in values (0.3799ms)
  鉁?converts empty-object placeholders to arrays when dash items follow (0.2547ms)
  鉁?skips empty lines in YAML body (0.1731ms)
鉁?extractFrontmatter (11.7627ms)
鈻?reconstructFrontmatter
  鉁?serializes simple key-value (0.9372ms)
  鉁?serializes empty array as inline [] (0.1638ms)
  鉁?serializes short string arrays inline (0.1552ms)
  鉁?serializes long arrays as block (0.1403ms)
  鉁?quotes values containing colons or hashes (0.1662ms)
  鉁?serializes nested objects with proper indentation (0.1386ms)
  鉁?serializes nested arrays within objects (0.1712ms)
  鉁?skips null and undefined values (0.1211ms)
  鉁?round-trip: simple frontmatter (0.1614ms)
  鉁?round-trip: nested with arrays (0.2187ms)
  鉁?round-trip: multiple data types (0.2454ms)
鉁?reconstructFrontmatter (3.0194ms)
鈻?spliceFrontmatter
  鉁?replaces existing frontmatter preserving body (0.2851ms)
  鉁?adds frontmatter to content without any (0.1994ms)
  鉁?preserves content after frontmatter delimiters exactly (0.0947ms)
鉁?spliceFrontmatter (0.722ms)
鈻?parseMustHavesBlock
  鉁?extracts truths as string array (0.817ms)
  鉁?extracts artifacts as object array (0.4355ms)
  鉁?extracts key_links with from/to/via/pattern fields (0.1861ms)
  鉁?returns empty array when block not found (0.1242ms)
  鉁?returns empty array when no frontmatter (0.0611ms)
  鉁?handles nested arrays within artifact objects (0.1773ms)
鉁?parseMustHavesBlock (1.9737ms)

[36m   鈻堚枅鈻堚枅鈻堚枅鈺?鈻堚枅鈻堚枅鈻堚枅鈻堚晽鈻堚枅鈻堚枅鈻堚枅鈺?  鈻堚枅鈺斺晲鈺愨晲鈺愨暆 鈻堚枅鈺斺晲鈺愨晲鈺愨暆鈻堚枅鈺斺晲鈺愨枅鈻堚晽
  鈻堚枅鈺? 鈻堚枅鈻堚晽鈻堚枅鈻堚枅鈻堚枅鈻堚晽鈻堚枅鈺? 鈻堚枅鈺?  鈻堚枅鈺?  鈻堚枅鈺戔暁鈺愨晲鈺愨晲鈻堚枅鈺戔枅鈻堚晳  鈻堚枅鈺?  鈺氣枅鈻堚枅鈻堚枅鈻堚晹鈺濃枅鈻堚枅鈻堚枅鈻堚枅鈺戔枅鈻堚枅鈻堚枅鈻堚晹鈺?   鈺氣晲鈺愨晲鈺愨晲鈺?鈺氣晲鈺愨晲鈺愨晲鈺愨暆鈺氣晲鈺愨晲鈺愨晲鈺?[0m

  Get Shit Done [2mv1.27.4[0m
  A meta-prompting, context engineering and spec-driven
  development system for Claude Code, OpenCode, Gemini, Codex, Copilot, Antigravity, Cursor, and CodeBuddy by T脗CHES.

鈻?convertClaudeToGeminiAgent
  鉁?drops unsupported skills frontmatter while keeping converted tools (1.8379ms)
鉁?convertClaudeToGeminiAgent (2.8881ms)
鈻?init commands
  鉁?init execute-phase returns file paths (388.0205ms)
  鉁?init plan-phase returns file paths (452.6748ms)
  鉁?init progress returns file paths (350.7322ms)
  鉁?init phase-op returns core and optional phase file paths (394.3082ms)
  鉁?init plan-phase detects has_reviews and reviews_path when REVIEWS.md exists (375.6517ms)
  鉁?init plan-phase omits optional paths if files missing (332.7102ms)
  鉁?init plan-phase extracts phase_req_ids from ROADMAP (405.8176ms)
  鉁?init plan-phase strips brackets from phase_req_ids (474.2643ms)
  鉁?init plan-phase returns null phase_req_ids when Requirements line is absent (369.6854ms)
  鉁?init plan-phase returns null phase_req_ids when ROADMAP is absent (369.6695ms)
  鉁?init execute-phase extracts phase_req_ids from ROADMAP (432.2621ms)
  鉁?init plan-phase returns null phase_req_ids when value is TBD (343.5833ms)
  鉁?init execute-phase returns null phase_req_ids when Requirements line is absent (328.3857ms)
鉁?init commands (5020.6599ms)
鈻?init commands ROADMAP fallback when phase directory does not exist (#1238)
  鉁?init plan-phase falls back to ROADMAP when no phase directory exists (266.9852ms)
  鉁?init execute-phase falls back to ROADMAP when no phase directory exists (379.3013ms)
  鉁?init verify-work falls back to ROADMAP when no phase directory exists (260.1281ms)
  鉁?init plan-phase returns phase_found false when neither directory nor ROADMAP entry exists (304.1642ms)
  鉁?init plan-phase prefers disk directory over ROADMAP fallback (289.7606ms)
鉁?init commands ROADMAP fallback when phase directory does not exist (#1238) (1500.8441ms)
鈻?cmdInitTodos
  鉁?empty pending dir returns zero count (265.1176ms)
  鉁?missing pending dir returns zero count (433.1107ms)
  鉁?multiple todos with fields are read correctly (203.8909ms)
  鉁?area filter returns only matching todos (291.9046ms)
  鉁?area filter miss returns zero count (310.8237ms)
  鉁?malformed file uses defaults (239.9368ms)
  鉁?non-md files are ignored (319.7887ms)
鉁?cmdInitTodos (2065.2733ms)
鈻?cmdInitMilestoneOp
  鉁?no phase directories returns zero counts (233.9301ms)
  鉁?multiple phases with no summaries (230.9123ms)
  鉁?mix of complete and incomplete phases (247.003ms)
  鉁?all phases complete (230.3286ms)
  鉁?archive directory scanning (201.6853ms)
  鉁?no archive directory returns empty (195.0602ms)
鉁?cmdInitMilestoneOp (1339.4887ms)
鈻?cmdInitPhaseOp fallback
  鉁?normal path with existing directory (204.7025ms)
  鉁?fallback to ROADMAP when no directory exists (263.2369ms)
  鉁?prefers current milestone roadmap entry over archived phase with same number (240.9267ms)
  鉁?neither directory nor roadmap entry returns not found (198.406ms)
鉁?cmdInitPhaseOp fallback (907.6484ms)
鈻?cmdInitProgress
  鉁?no phases returns empty state (260.8075ms)
  鉁?multiple phases with mixed statuses (224.7681ms)
  鉁?researched status detected correctly (215.1045ms)
  鉁?all phases complete returns no current or next (224.3696ms)
  鉁?paused_at detected from STATE.md (188.0814ms)
  鉁?no paused_at when STATE.md has no pause line (218.7029ms)
鉁?cmdInitProgress (1332.316ms)
鈻?cmdInitQuick
  鉁?with description generates slug and task_dir with YYMMDD-xxx format (208.0829ms)
  鉁?without description returns null slug and task_dir (215.6827ms)
  鉁?two rapid calls produce different quick_ids (no collision within 2s window) (372.1936ms)
  鉁?long description truncates slug to 40 chars (191.6818ms)
  鉁?returns quick branch name when quick_branch_template is configured (423.1089ms)
  鉁?uses fallback slug in quick branch name when description is omitted (359.2974ms)
鉁?cmdInitQuick (1770.5209ms)
鈻?cmdInitMapCodebase
  鉁?no codebase dir returns empty (184.6276ms)
  鉁?with existing maps lists md files only (206.375ms)
  鉁?empty codebase dir returns no maps (173.0098ms)
鉁?cmdInitMapCodebase (564.2442ms)
鈻?cmdInitNewProject
  鉁?greenfield project with no code (166.7217ms)
  鉁?brownfield with package.json detected (176.3953ms)
  鉁?brownfield with codebase map does not need map (201.9156ms)
  鉁?planning_exists flag is correct (186.219ms)
鉁?cmdInitNewProject (731.6544ms)
鈻?cmdInitNewMilestone
  鉁?returns expected fields (183.1031ms)
  鉁?file existence flags reflect actual state (397.2685ms)
  鉁?reports latest completed milestone and archive target for reset flow (179.0529ms)
  鉁?reset flow metadata is null-safe when no milestones file exists (179.8273ms)
鉁?cmdInitNewMilestone (939.6197ms)
鈻?findProjectRoot integration via --cwd
  鉁?init quick from sub-repo CWD returns project_root pointing to parent (367.4693ms)
  鉁?init quick from project root returns project_root as-is (391.1426ms)
  鉁?state load from sub-repo CWD reads project root config (198.2407ms)
鉁?findProjectRoot integration via --cwd (957.0956ms)
鈻?milestone complete command
  鉁?archives roadmap, requirements, creates MILESTONES.md (428.6472ms)
  鉁?prepends to existing MILESTONES.md (reverse chronological) (446.6036ms)
  鉁?three sequential completions maintain reverse-chronological order (778.8727ms)
  鉁?archives phase directories with --archive-phases flag (442.678ms)
  鉁?archived REQUIREMENTS.md contains archive header (391.2653ms)
  鉁?STATE.md gets updated during milestone complete (336.8114ms)
  鉁?handles missing ROADMAP.md gracefully (390.7097ms)
  鉁?scopes stats to current milestone phases only (332.4409ms)
  鉁?archive-phases only archives current milestone phases (357.6512ms)
  鉁?phase 1 in roadmap does NOT match directory 10-something (no prefix collision) (320.6095ms)
  鉁?non-numeric directory is excluded when milestone scoping is active (337.8852ms)
  鉁?large phase numbers (456, 457) scope correctly (299.7311ms)
  鉁?counts tasks from **Tasks:** N in summary body (316.3459ms)
  鉁?extracts one-liner from body when not in frontmatter (315.3478ms)
  鉁?updates STATE.md with plain format fields (296.8004ms)
  鉁?handles empty phases directory (274.9058ms)
鉁?milestone complete command (6071.1565ms)
鈻?requirements mark-complete command
  鉁?marks single requirement complete (checkbox + table) (364.3614ms)
  鉁?handles mixed prefixes in single call (TEST-XX, REG-XX, INFRA-XX) (378.433ms)
  鉁?accepts space-separated IDs (304.1538ms)
  鉁?accepts bracket-wrapped IDs [REQ-01, REQ-02] (296.1114ms)
  鉁?returns not_found for invalid IDs while updating valid ones (326.8864ms)
  鉁?idempotent 鈥?re-marking already-complete requirement does not corrupt (276.4483ms)
  鉁?returns already_complete for idempotent calls on completed requirements (251.272ms)
  鉁?mixed: updates pending, reports already-complete, and flags missing (323.1578ms)
  鉁?missing REQUIREMENTS.md returns expected error structure (267.1912ms)
鉁?requirements mark-complete command (2788.7825ms)
鈻?new-milestone workflow verification gate
  鉁?new-milestone workflow has verification step before writing PROJECT.md (0.4491ms)
  鉁?verification step uses AskUserQuestion with adjust loop (0.8685ms)
鉁?new-milestone workflow verification gate (1.4368ms)
鈻?MODEL_PROFILES
  鉁?contains all expected GSD agents (1.3024ms)
  鉁?every agent has quality, balanced, and budget profiles (0.2993ms)
  鉁?all profile values are valid model aliases (1.8106ms)
  鉁?quality profile never uses haiku (0.4004ms)
鉁?MODEL_PROFILES (5.4534ms)
鈻?VALID_PROFILES
  鉁?contains quality, balanced, and budget (1.2199ms)
  鉁?is derived from MODEL_PROFILES keys (0.1622ms)
鉁?VALID_PROFILES (1.5642ms)
鈻?getAgentToModelMapForProfile
  鉁?returns correct models for balanced profile (0.2912ms)
  鉁?returns correct models for budget profile (0.2318ms)
  鉁?returns correct models for quality profile (0.2242ms)
  鉁?returns all agents in the map (0.235ms)
鉁?getAgentToModelMapForProfile (1.2785ms)
鈻?formatAgentToModelMapAsTable
  鉁?produces a table with header and separator (0.4194ms)
  鉁?pads columns correctly (0.1819ms)
  鉁?handles empty map (0.0537ms)
鉁?formatAgentToModelMapAsTable (0.7481ms)

[36m   鈻堚枅鈻堚枅鈻堚枅鈺?鈻堚枅鈻堚枅鈻堚枅鈻堚晽鈻堚枅鈻堚枅鈻堚枅鈺?  鈻堚枅鈺斺晲鈺愨晲鈺愨暆 鈻堚枅鈺斺晲鈺愨晲鈺愨暆鈻堚枅鈺斺晲鈺愨枅鈻堚晽
  鈻堚枅鈺? 鈻堚枅鈻堚晽鈻堚枅鈻堚枅鈻堚枅鈻堚晽鈻堚枅鈺? 鈻堚枅鈺?  鈻堚枅鈺?  鈻堚枅鈺戔暁鈺愨晲鈺愨晲鈻堚枅鈺戔枅鈻堚晳  鈻堚枅鈺?  鈺氣枅鈻堚枅鈻堚枅鈻堚晹鈺濃枅鈻堚枅鈻堚枅鈻堚枅鈺戔枅鈻堚枅鈻堚枅鈻堚晹鈺?   鈺氣晲鈺愨晲鈺愨晲鈺?鈺氣晲鈺愨晲鈺愨晲鈺愨暆鈺氣晲鈺愨晲鈺愨晲鈺?[0m

  Get Shit Done [2mv1.27.4[0m
  A meta-prompting, context engineering and spec-driven
  development system for Claude Code, OpenCode, Gemini, Codex, Copilot, Antigravity, Cursor, and CodeBuddy by T脗CHES.

鈻?OpenCode agent conversion (isAgent: true)
  鉁?keeps name: field for agents (2.0058ms)
  鉁?does not add model: inherit (removed per #1156) (0.3741ms)
  鉁?adds mode: subagent (0.5813ms)
  鉁?strips tools: field (0.2804ms)
  鉁?strips skills: array (0.1613ms)
  鉁?strips color: field (0.2691ms)
  鉁?strips commented hooks block (0.1956ms)
  鉁?keeps description: field (0.2013ms)
  鉁?preserves body content (0.1436ms)
  鉁?applies body text replacements (0.2108ms)
鉁?OpenCode agent conversion (isAgent: true) (7.051ms)
鈻?OpenCode command conversion (isAgent: false, default)
  鉁?strips name: field for commands (0.191ms)
  鉁?does not add model: or mode: for commands (0.07ms)
  鉁?keeps description: for commands (0.0579ms)
鉁?OpenCode command conversion (isAgent: false, default) (0.42ms)
鈻?pathPrefix computation
  鉁?default Claude global install uses ~/ (0.9419ms)
  鉁?default Gemini global install uses ~/ (0.1916ms)
  鉁?custom config dir under home uses ~/ (0.2061ms)
  鉁?Windows-style paths produce ~/ not C:/ (0.0863ms)
鉁?pathPrefix computation (2.3167ms)
鈻?installed .md files contain no resolved absolute paths
  鉁?source .md files exist (0.0908ms)
  鉁?after replacement, no .md file contains os.homedir() (24.6422ms)
鉁?installed .md files contain no resolved absolute paths (24.9011ms)
鈻?phases list command
  鉁?empty phases directory returns empty array (516.6775ms)
  鉁?lists phase directories sorted numerically (400.6096ms)
  鉁?handles decimal phases in sort order (273.2835ms)
  鉁?--type plans lists only PLAN.md files (411.4307ms)
  鉁?--type summaries lists only SUMMARY.md files (372.7097ms)
  鉁?--phase filters to specific phase directory (404.8824ms)
鉁?phases list command (2381.4048ms)
鈻?phase next-decimal command
  鉁?returns X.1 when no decimal phases exist (392.0855ms)
  鉁?increments from existing decimal phases (493.1938ms)
  鉁?handles gaps in decimal sequence (304.3737ms)
  鉁?handles single-digit phase input (320.7924ms)
  鉁?returns error if base phase does not exist (335.1809ms)
鉁?phase next-decimal command (1846.3014ms)
鈻?phase-plan-index command
  鉁?empty phase directory returns empty plans array (340.5221ms)
  鉁?extracts single plan with frontmatter (237.7704ms)
  鉁?groups multiple plans by wave (271.9322ms)
  鉁?detects incomplete plans (no matching summary) (303.2199ms)
  鉁?detects checkpoints (autonomous: false) (296.5429ms)
  鉁?phase not found returns error (281.893ms)
鉁?phase-plan-index command (1732.4051ms)
鈻?phase-plan-index canonical format
  鉁?files_modified: underscore key is parsed correctly (355.5999ms)
  鉁?objective: extracted from <objective> XML tag, not frontmatter (375.2467ms)
  鉁?task_count: counts <task> XML tags (347.7373ms)
  鉁?all three fields work together in canonical plan format (273.7576ms)
鉁?phase-plan-index canonical format (1352.7494ms)
鈻?phase add command
  鉁?adds phase after highest existing (343.1355ms)
  鉁?handles empty roadmap (276.3599ms)
  鉁?phase add includes **Requirements**: TBD in new ROADMAP entry (232.4362ms)
鉁?phase add command (852.2255ms)
鈻?phase insert command
  鉁?inserts decimal phase after target (325.759ms)
  鉁?increments decimal when siblings exist (266.8352ms)
  鉁?rejects missing phase (252.019ms)
  鉁?handles padding mismatch between input and roadmap (290.1848ms)
  鉁?phase insert includes **Requirements**: TBD in new ROADMAP entry (239.9528ms)
  鉁?handles #### heading depth from multi-milestone roadmaps (228.5286ms)
鉁?phase insert command (1603.8192ms)
鈻?phase remove command
  鉁?removes phase directory and renumbers subsequent (232.3687ms)
  鉁?rejects removal of phase with summaries unless --force (473.381ms)
  鉁?removes decimal phase and renumbers siblings (185.7847ms)
  鉁?updates STATE.md phase count (221.4666ms)
鉁?phase remove command (1113.4364ms)
鈻?phase complete command
  鉁?marks phase complete and transitions to next (266.0046ms)
  鉁?detects last phase in milestone (208.9344ms)
  鉁?updates REQUIREMENTS.md traceability when phase completes (223.6704ms)
  鉁?handles requirements with bracket format [REQ-01, REQ-02] (215.6178ms)
  鉁?handles phase with no requirements mapping (216.7517ms)
  鉁?handles missing REQUIREMENTS.md gracefully (192.2491ms)
  鉁?returns requirements_updated field in result (245.9826ms)
  鉁?handles In Progress status in traceability table (209.3051ms)
  鉁?scoped regex does not cross phase boundaries (215.6427ms)
  鉁?handles multi-level decimal phase without regex crash (205.9954ms)
  鉁?preserves Milestone column in 5-column progress table (240.8191ms)
  鉁?updates STATE.md with plain format fields (no bold) (196.2693ms)
鉁?phase complete command (2638.6548ms)
鈻?comparePhaseNum
  鉁?sorts integer phases numerically (0.5908ms)
  鉁?sorts decimal phases correctly (0.1075ms)
  鉁?sorts letter-suffix phases correctly (0.053ms)
  鉁?sorts hybrid phases correctly (0.048ms)
  鉁?handles full sort order (0.134ms)
  鉁?handles directory names with slugs (0.0649ms)
  鉁?case insensitive letter matching (0.0476ms)
  鉁?sorts multi-level decimal phases correctly (0.0605ms)
  鉁?falls back to localeCompare for non-phase strings (6.7616ms)
鉁?comparePhaseNum (8.1192ms)
鈻?normalizePhaseName
  鉁?pads single-digit integers (0.3087ms)
  鉁?handles decimal phases (0.0519ms)
  鉁?handles letter-suffix phases (0.0342ms)
  鉁?handles hybrid phases (0.0311ms)
  鉁?uppercases letters (0.0362ms)
  鉁?handles multi-level decimal phases (0.0267ms)
  鉁?returns non-matching input unchanged (0.0217ms)
鉁?normalizePhaseName (0.6586ms)
鈻?letter-suffix phase sorting
  鉁?lists letter-suffix phases in correct order (210.1151ms)
鉁?letter-suffix phase sorting (210.2235ms)
鈻?phase complete milestone-scoped next-phase
  鉁?finds next phase within milestone, ignoring prior milestone dirs (203.4278ms)
  鉁?detects last phase when only milestone phases are considered (215.9734ms)
鉁?phase complete milestone-scoped next-phase (419.6405ms)
鈻?PROFILING_QUESTIONS
  鉁?is a non-empty array (0.9173ms)
  鉁?each question has required fields (0.329ms)
  鉁?each option has label, value, and rating (0.2433ms)
  鉁?all dimension keys are unique (0.2213ms)
鉁?PROFILING_QUESTIONS (2.8308ms)
鈻?CLAUDE_INSTRUCTIONS
  鉁?is a non-empty object (0.1833ms)
  鉁?each dimension has at least one instruction (0.0994ms)
  鉁?every PROFILING_QUESTIONS dimension has CLAUDE_INSTRUCTIONS (0.1047ms)
鉁?CLAUDE_INSTRUCTIONS (1.5185ms)
鈻?write-profile command
  鉁?writes USER-PROFILE.md from analysis JSON (317.2639ms)
  鉁?errors when --input is missing (323.7787ms)
鉁?write-profile command (641.3683ms)
鈻?generate-claude-md command
  鉁?generates CLAUDE.md with --auto flag (1244.7059ms)
  鉁?does not overwrite existing CLAUDE.md without --force (1220.0947ms)
鉁?generate-claude-md command (2465.1187ms)
鈻?generate-dev-preferences command
  鉁?errors when --analysis is missing (330.0759ms)
  鉁?generates preferences from analysis file (292.001ms)
鉁?generate-dev-preferences command (622.3256ms)
鈻?scan-sessions command
  鉁?returns empty array for empty sessions directory (413.2418ms)
  鉁?scans synthetic project directory (407.1704ms)
  鉁?reports multiple sessions and sizes (303.432ms)
鉁?scan-sessions command (1125.4551ms)
鈻?extract-messages command
  鉁?extracts user messages from synthetic session (465.1982ms)
  鉁?filters out meta and internal messages (403.609ms)
鉁?extract-messages command (869.1213ms)
鈻?profile-questionnaire command
  鉁?returns questionnaire structure (352.631ms)
鉁?profile-questionnaire command (352.8492ms)
鈻?codebase prompt injection scan
  鉁?found files to scan (1.0021ms)
  鉁?agent definition files are clean (0.3112ms)
  鉁?workflow files are clean (0.2159ms)
  鉁?command files are clean (0.1897ms)
  鉁?hook files are clean (0.235ms)
  鉁?lib source files are clean (0.2159ms)
  鉁?no invisible Unicode characters in non-allowlisted files (32.3153ms)
  鉁?no fake system boundary tags in non-allowlisted files (8.3139ms)
鉁?codebase prompt injection scan (44.2203ms)
鈻?injection vector regression tests
  鉁?detects instruction override in markdown frontmatter (1.2137ms)
  鉁?detects hidden instruction in commit message (1.223ms)
  鉁?detects XML tag injection in PRD content (0.8072ms)
  鉁?detects role manipulation in phase description (0.2735ms)
  鉁?detects prompt extraction attempt (0.1785ms)
  鉁?clean technical content passes (0.1162ms)
鉁?injection vector regression tests (4.5847ms)
鈻?quick workflow: branching support
  鉁?workflow file exists (1.1533ms)
  鉁?init parse list includes branch_name (1.1842ms)
  鉁?workflow includes quick-task branching step (1.3097ms)
  鉁?branching step runs before task directory creation (2.6478ms)
鉁?quick workflow: branching support (8.044ms)
鈻?quick command: --research in frontmatter
  鉁?quick.md exists (2.1422ms)
  鉁?argument-hint includes --research (0.4287ms)
  鉁?argument-hint includes all three flags (0.3279ms)
  鉁?objective section describes --research flag (0.3595ms)
鉁?quick command: --research in frontmatter (4.4162ms)
鈻?quick workflow: research step
  鉁?workflow file exists (0.5784ms)
  鉁?purpose mentions --research flag (0.4398ms)
  鉁?step 1 parses --research flag (0.4193ms)
  鉁?step 4.75 research phase exists (0.4848ms)
  鉁?research step spawns gsd-phase-researcher (0.4363ms)
  鉁?research step writes RESEARCH.md (1.3669ms)
  鉁?planner context includes RESEARCH.md when research mode (0.4435ms)
  鉁?file commit list includes RESEARCH.md (0.3594ms)
  鉁?success criteria includes research items (0.3525ms)
鉁?quick workflow: research step (5.4141ms)
鈻?quick task: research file in task directory
  鉁?init quick returns valid task_dir for research file placement (446.8405ms)
  鉁?verify-path-exists detects RESEARCH.md in quick task directory (365.1531ms)
  鉁?verify-path-exists returns false for missing RESEARCH.md (298.9496ms)
  鉁?quick task directory supports all research workflow artifacts (1729.2296ms)
鉁?quick task: research file in task directory (2840.6717ms)
鈻?quick workflow: banner variants for flag combinations
  鉁?has banner for research-only mode (0.6073ms)
  鉁?has banner for discuss + research mode (0.4461ms)
  鉁?has banner for research + full mode (0.4109ms)
  鉁?has banner for all three flags (0.3392ms)
鉁?quick workflow: banner variants for flag combinations (2.002ms)
鈻?roadmap get-phase command
  鉁?extracts phase section from ROADMAP.md (425.5366ms)
  鉁?returns not found for missing phase (413.4282ms)
  鉁?handles decimal phase numbers (320.6268ms)
  鉁?extracts full section content (412.4246ms)
  鉁?handles missing ROADMAP.md gracefully (285.3149ms)
  鉁?accepts ## phase headers (two hashes) (341.296ms)
  鉁?extracts goal when colon is outside bold (**Goal**: format) (362.7685ms)
  鉁?extracts goal for both colon-inside and colon-outside bold formats (774.6925ms)
  鉁?detects malformed ROADMAP with summary list but no detail sections (337.8598ms)
鉁?roadmap get-phase command (3676.0393ms)
鈻?roadmap analyze command
  鉁?missing ROADMAP.md returns error (341.3843ms)
  鉁?parses phases with goals and disk status (405.2538ms)
  鉁?extracts goals and dependencies (273.9149ms)
  鉁?extracts goals and depends_on with colon outside bold (**Goal**: format) (245.1388ms)
  鉁?handles mixed colon-inside and colon-outside bold formats in analyze (333.993ms)
鉁?roadmap analyze command (1600.3302ms)
鈻?roadmap analyze disk status variants
  鉁?returns researched status for phase dir with only RESEARCH.md (262.4182ms)
  鉁?returns discussed status for phase dir with only CONTEXT.md (313.7324ms)
  鉁?returns empty status for phase dir with no recognized files (253.291ms)
鉁?roadmap analyze disk status variants (829.731ms)
鈻?roadmap analyze milestone extraction
  鉁?extracts milestone headings and version numbers (374.6088ms)
鉁?roadmap analyze milestone extraction (374.747ms)
鈻?roadmap analyze missing phase details
  鉁?detects checklist-only phases missing detail sections (363.5699ms)
  鉁?returns null when all checklist phases have detail sections (259.8653ms)
鉁?roadmap analyze missing phase details (623.6681ms)
鈻?roadmap get-phase success criteria
  鉁?extracts success_criteria array from phase section (295.8425ms)
  鉁?returns empty array when no success criteria present (303.6688ms)
鉁?roadmap get-phase success criteria (599.7802ms)
鈻?roadmap update-plan-progress command
  鉁?missing phase number returns error (250.3509ms)
  鉁?nonexistent phase returns error (306.4191ms)
  鉁?no plans found returns updated false (248.9445ms)
  鉁?updates progress for partial completion (202.44ms)
  鉁?updates progress and checks checkbox on completion (205.1049ms)
  鉁?missing ROADMAP.md returns updated false (223.911ms)
  鉁?marks completed plan checkboxes (214.4159ms)
  鉁?preserves Milestone column in 5-column progress table (210.8142ms)
鉁?roadmap update-plan-progress command (1863.0889ms)

[36m   鈻堚枅鈻堚枅鈻堚枅鈺?鈻堚枅鈻堚枅鈻堚枅鈻堚晽鈻堚枅鈻堚枅鈻堚枅鈺?  鈻堚枅鈺斺晲鈺愨晲鈺愨暆 鈻堚枅鈺斺晲鈺愨晲鈺愨暆鈻堚枅鈺斺晲鈺愨枅鈻堚晽
  鈻堚枅鈺? 鈻堚枅鈻堚晽鈻堚枅鈻堚枅鈻堚枅鈻堚晽鈻堚枅鈺? 鈻堚枅鈺?  鈻堚枅鈺?  鈻堚枅鈺戔暁鈺愨晲鈺愨晲鈻堚枅鈺戔枅鈻堚晳  鈻堚枅鈺?  鈺氣枅鈻堚枅鈻堚枅鈻堚晹鈺濃枅鈻堚枅鈻堚枅鈻堚枅鈺戔枅鈻堚枅鈻堚枅鈻堚晹鈺?   鈺氣晲鈺愨晲鈺愨晲鈺?鈺氣晲鈺愨晲鈺愨晲鈺愨暆鈺氣晲鈺愨晲鈺愨晲鈺?[0m

  Get Shit Done [2mv1.27.4[0m
  A meta-prompting, context engineering and spec-driven
  development system for Claude Code, OpenCode, Gemini, Codex, Copilot, Antigravity, Cursor, and CodeBuddy by T脗CHES.

鈻?OpenCode agent conversion (isAgent: true)
  鉁?keeps name: field for agents (1.5972ms)
  鉁?does not add model: inherit (OpenCode does not support it) (0.2873ms)
  鉁?adds mode: subagent (0.2003ms)
  鉁?strips tools: field (0.2267ms)
  鉁?strips skills: array (0.2341ms)
  鉁?strips color: field (0.1462ms)
  鉁?strips commented hooks block (0.1392ms)
  鉁?keeps description: field (1.2441ms)
  鉁?preserves body content (0.2467ms)
  鉁?applies body text replacements (0.3138ms)
鉁?OpenCode agent conversion (isAgent: true) (6.8383ms)
鈻?OpenCode command conversion (isAgent: false, default)
  鉁?strips name: field for commands (0.2422ms)
  鉁?does not add model: or mode: for commands (0.1794ms)
  鉁?keeps description: for commands (0.1571ms)
鉁?OpenCode command conversion (isAgent: false, default) (0.772ms)
鈻?convertClaudeToGeminiAgent
  鉁?drops unsupported skills frontmatter while keeping converted tools (1.2852ms)
鉁?convertClaudeToGeminiAgent (1.4116ms)
鈻?neutralizeAgentReferences
  鉁?replaces standalone Claude with "the agent" (0.1895ms)
  鉁?preserves Claude Code (product name) (0.1577ms)
  鉁?preserves Claude model names (0.1132ms)
  鉁?replaces CLAUDE.md with runtime instruction file (0.0776ms)
  鉁?uses different instruction file per runtime (0.0859ms)
  鉁?removes AGENTS.md load-blocking instruction (0.1823ms)
  鉁?preserves claude- prefixes (CSS classes, package names) (0.1009ms)
鉁?neutralizeAgentReferences (1.1095ms)
鈻?validatePath
  鉁?allows relative paths within base (1.5448ms)
  鉁?allows nested relative paths (0.4003ms)
  鉁?rejects ../ traversal escaping base (0.4902ms)
  鉁?rejects absolute paths by default (0.4914ms)
  鉁?allows absolute paths within base when opted in (0.4567ms)
  鉁?rejects absolute paths outside base even when opted in (0.3214ms)
  鉁?rejects null bytes (2.0545ms)
  鉁?rejects empty path (0.1239ms)
  鉁?rejects non-string path (0.1349ms)
  鉁?handles . and ./ correctly (stays in base) (0.4405ms)
  鉁?handles complex traversal like src/../../.. (0.3521ms)
  鉁?allows path that resolves back into base after .. (0.3039ms)
鉁?validatePath (8.7417ms)
鈻?requireSafePath
  鉁?returns resolved path for safe input (0.2947ms)
  鉁?throws on traversal attempt (0.8793ms)
鉁?requireSafePath (1.3077ms)
鈻?scanForInjection
  鉁?clean text returns clean: true (1.0213ms)
  鉁?detects "ignore previous instructions" (0.5709ms)
  鉁?detects "you are now a" (0.1412ms)
  鉁?detects <system> tags (0.0792ms)
  鉁?does not false-positive on generic types like Promise<User> (0.0817ms)
  鉁?detects [SYSTEM] markers (0.0796ms)
  鉁?detects [INST] markers (0.0641ms)
  鉁?detects <<SYS>> markers (0.0814ms)
  鉁?detects "pretend you are" (0.0956ms)
  鉁?detects "override system prompt" (0.0574ms)
  鉁?detects exfiltration attempts (0.0492ms)
  鉁?returns empty for null/undefined (0.0567ms)
  鉁?strict mode detects invisible unicode (0.5957ms)
  鉁?strict mode detects prompt stuffing (0.6601ms)
鉁?scanForInjection (4.0074ms)
鈻?sanitizeForPrompt
  鉁?strips zero-width characters (0.3169ms)
  鉁?neutralizes <system> tags (0.1939ms)
  鉁?neutralizes <assistant> tags (0.0922ms)
  鉁?neutralizes [SYSTEM] markers (0.0676ms)
  鉁?neutralizes <<SYS>> markers (0.0489ms)
  鉁?preserves normal text (0.0836ms)
  鉁?preserves normal HTML tags (0.0615ms)
  鉁?handles null/undefined gracefully (0.069ms)
鉁?sanitizeForPrompt (1.1524ms)
鈻?validateShellArg
  鉁?allows normal strings (0.7067ms)
  鉁?allows strings with spaces (0.1919ms)
  鉁?rejects null bytes (0.129ms)
  鉁?rejects command substitution with $() (0.139ms)
  鉁?rejects command substitution with backticks (0.1688ms)
  鉁?rejects empty/null input (0.1069ms)
  鉁?allows dollar signs not in substitution context (0.0806ms)
鉁?validateShellArg (1.7609ms)
鈻?safeJsonParse
  鉁?parses valid JSON (0.9411ms)
  鉁?handles malformed JSON gracefully (0.1821ms)
  鉁?rejects oversized input (0.124ms)
  鉁?rejects empty input (0.0954ms)
  鉁?respects custom maxLength (0.0637ms)
  鉁?uses custom label in errors (0.0716ms)
鉁?safeJsonParse (1.6501ms)
鈻?validatePhaseNumber
  鉁?accepts simple integers (0.3171ms)
  鉁?accepts decimal phases (0.1123ms)
  鉁?accepts letter suffixes (0.0607ms)
  鉁?accepts custom project IDs (0.4028ms)
  鉁?rejects shell injection attempts (0.1035ms)
  鉁?rejects empty/null (0.0567ms)
  鉁?rejects excessively long input (0.0623ms)
  鉁?rejects arbitrary strings (0.0642ms)
鉁?validatePhaseNumber (1.3739ms)
鈻?validateFieldName
  鉁?accepts typical STATE.md fields (0.1984ms)
  鉁?rejects regex metacharacters (0.0922ms)
  鉁?rejects empty/null (0.0555ms)
  鉁?rejects excessively long names (0.0453ms)
  鉁?must start with a letter (0.0449ms)
鉁?validateFieldName (0.5515ms)
鈻?state-snapshot command
  鉁?missing STATE.md returns error (382.771ms)
  鉁?extracts basic fields from STATE.md (342.7108ms)
  鉁?extracts decisions table (295.8521ms)
  鉁?extracts blockers list (435.8511ms)
  鉁?extracts session continuity info (300.1518ms)
  鉁?handles paused_at field (391.4969ms)
  鉁?supports --cwd override when command runs outside project root (329.0339ms)
  鉁?returns error for invalid --cwd path (183.6683ms)
鉁?state-snapshot command (2663.6512ms)
鈻?state mutation commands
  鉁?add-decision preserves dollar amounts without corrupting Decisions section (357.2118ms)
  鉁?add-blocker preserves dollar strings without corrupting Blockers section (321.3923ms)
  鉁?add-decision supports file inputs to preserve shell-sensitive dollar text (289.1191ms)
  鉁?add-blocker supports --text-file for shell-sensitive text (424.7801ms)
鉁?state mutation commands (1393.0397ms)
鈻?state json command
  鉁?missing STATE.md returns error (323.5869ms)
  鉁?builds frontmatter on-the-fly from body when no frontmatter exists (310.6644ms)
  鉁?reads existing frontmatter when present (257.4469ms)
  鉁?normalizes various status values (1860.776ms)
鉁?state json command (2752.9027ms)
鈻?STATE.md frontmatter sync
  鉁?state update adds frontmatter to STATE.md (264.2663ms)
  鉁?state patch adds frontmatter (297.0244ms)
  鉁?frontmatter is idempotent on multiple writes (555.8003ms)
  鉁?preserves frontmatter status when body Status field is missing (301.268ms)
  鉁?round-trip: write then read via state json (539.6181ms)
鉁?STATE.md frontmatter sync (1958.5779ms)
鈻?stateExtractField and stateReplaceField helpers
  鉁?extracts simple field value (0.4916ms)
  鉁?extracts field with colon in value (0.1391ms)
  鉁?returns null for missing field (0.1269ms)
  鉁?is case-insensitive on field name (0.0645ms)
  鉁?replaces field value (0.1919ms)
  鉁?returns null when field not found (0.0988ms)
  鉁?preserves surrounding content (0.1839ms)
  鉁?round-trip: extract then replace then extract (0.2313ms)
鉁?stateExtractField and stateReplaceField helpers (2.2966ms)
鈻?stateReplaceFieldWithFallback
  鉁?replaces primary field when present (0.1727ms)
  鉁?falls back to secondary field when primary not found (0.1586ms)
  鉁?returns content unchanged when neither field matches (0.1132ms)
  鉁?prefers primary over fallback when both exist (0.0475ms)
  鉁?works with plain format fields (0.165ms)
鉁?stateReplaceFieldWithFallback (0.7746ms)
鈻?cmdStateLoad (state load)
  鉁?returns config and state when STATE.md exists (332.2084ms)
  鉁?returns state_exists false when STATE.md missing (200.9597ms)
  鉁?returns raw key=value format with --raw flag (268.292ms)
鉁?cmdStateLoad (state load) (801.8718ms)
鈻?cmdStateGet (state get)
  鉁?returns full content when no section specified (217.877ms)
  鉁?extracts bold field value (263.8816ms)
  鉁?extracts markdown section content (237.7737ms)
  鉁?returns error for nonexistent field (201.4157ms)
  鉁?returns error when STATE.md missing (248.9878ms)
鉁?cmdStateGet (state get) (1170.3437ms)
鈻?cmdStatePatch and cmdStateUpdate (state patch, state update)
  鉁?state patch updates multiple fields at once (238.9184ms)
  鉁?state patch reports failed fields that do not exist (215.1159ms)
  鉁?state update changes a single field (229.0947ms)
  鉁?state update reports field not found (204.6918ms)
  鉁?state update returns error when STATE.md missing (195.1182ms)
鉁?cmdStatePatch and cmdStateUpdate (state patch, state update) (1083.3633ms)
鈻?cmdStateAdvancePlan (state advance-plan)
  鉁?advances plan counter when not on last plan (308.5042ms)
  鉁?marks phase complete on last plan (195.8372ms)
  鉁?returns error when STATE.md missing (181.156ms)
  鉁?returns error when plan fields not parseable (180.2958ms)
  鉁?advances plan in compound "Plan: X of Y" format (208.9027ms)
  鉁?marks phase complete on last plan in compound format (224.6277ms)
鉁?cmdStateAdvancePlan (state advance-plan) (1299.8002ms)
鈻?cmdStateRecordMetric (state record-metric)
  鉁?appends metric row to existing table (182.8693ms)
  鉁?replaces None yet placeholder with first metric (176.9712ms)
  鉁?returns error when required fields missing (178.1692ms)
  鉁?returns error when STATE.md missing (185.6451ms)
鉁?cmdStateRecordMetric (state record-metric) (723.989ms)
鈻?cmdStateUpdateProgress (state update-progress)
  鉁?calculates progress from plan/summary counts (209.2558ms)
  鉁?handles zero plans gracefully (175.6693ms)
  鉁?returns error when Progress field missing (172.8985ms)
  鉁?returns error when STATE.md missing (191.8118ms)
鉁?cmdStateUpdateProgress (state update-progress) (750.0861ms)
鈻?cmdStateResolveBlocker (state resolve-blocker)
  鉁?removes matching blocker line (case-insensitive substring match) (204.4275ms)
  鉁?adds None placeholder when last blocker resolved (181.9426ms)
  鉁?returns error when text not provided (216.4489ms)
  鉁?returns error when STATE.md missing (189.9936ms)
  鉁?returns resolved true even if no line matches (203.8244ms)
鉁?cmdStateResolveBlocker (state resolve-blocker) (997.0573ms)
鈻?cmdStateRecordSession (state record-session)
  鉁?updates session fields with stopped-at and resume-file (205.1403ms)
  鉁?updates Last session timestamp even with no other options (189.866ms)
  鉁?sets Resume file to None when not specified (201.6438ms)
  鉁?returns error when STATE.md missing (178.6406ms)
  鉁?returns recorded false when no session fields found (205.8704ms)
鉁?cmdStateRecordSession (state record-session) (981.5559ms)
鈻?milestone-scoped phase counting in frontmatter
  鉁?total_phases counts only current milestone phases (351.4251ms)
  鉁?total_phases includes ROADMAP phases without directories (362.2903ms)
  鉁?without ROADMAP counts all phases (pass-all filter) (358.93ms)
鉁?milestone-scoped phase counting in frontmatter (1072.8507ms)
鈻?template select command
  鉁?selects minimal template for simple plan (468.7992ms)
  鉁?selects standard template for moderate plan (348.4857ms)
  鉁?selects complex template for plan with decisions and many files (478.9729ms)
  鉁?returns standard as fallback for nonexistent file (347.3183ms)
鉁?template select command (1647.2889ms)
鈻?template fill command
  鉁?fills summary template (352.628ms)
  鉁?fills plan template (369.2708ms)
  鉁?fills verification template (388.908ms)
  鉁?rejects existing file (324.6971ms)
  鉁?errors on unknown template type (365.9376ms)
  鉁?errors when phase not found (352.709ms)
  鉁?respects --plan option for plan number (449.7367ms)
鉁?template fill command (2604.8796ms)
鈻?audit-uat command
  鉁?returns empty results when no UAT files exist (414.6783ms)
  鉁?detects UAT with pending items (357.21ms)
  鉁?detects UAT with blocked items and categorizes blocked_by (436.2668ms)
  鉁?detects false completion (complete status with pending items) (383.9868ms)
  鉁?extracts human_needed items from VERIFICATION files (351.1521ms)
  鉁?scans and aggregates across multiple phases (367.6484ms)
  鉁?milestone scoping filters phases to current milestone (440.7614ms)
  鉁?summary by_category counts are correct (356.3504ms)
  鉁?ignores VERIFICATION files without human_needed or gaps_found status (376.799ms)
鉁?audit-uat command (3486.8517ms)
鈻?validate health command
  鉁?returns 'broken' when .planning directory is missing (396.78ms)
  鉁?warns when PROJECT.md is missing (365.3849ms)
  鉁?warns when PROJECT.md missing required sections (515.4428ms)
  鉁?passes when PROJECT.md has all required sections (386.019ms)
  鉁?errors when ROADMAP.md is missing (376.2855ms)
  鉁?errors when STATE.md is missing with repairable true (335.1152ms)
  鉁?warns when STATE.md references nonexistent phase (486.886ms)
  鉁?warns when config.json is missing with repairable true (343.8637ms)
  鉁?errors when config.json has invalid JSON (319.0826ms)
  鉁?warns when config.json has invalid model_profile (365.1175ms)
  鉁?accepts inherit model_profile as valid (377.1876ms)
  鉁?warns about incorrectly named phase directories (317.2076ms)
  鉁?reports orphaned plans (PLAN without SUMMARY) as info (243.7531ms)
  鉁?warns about phase in ROADMAP but not on disk (328.6575ms)
  鉁?warns about phase on disk but not in ROADMAP (287.8703ms)
  鉁?detects W008 when workflow.nyquist_validation absent from config (306.1496ms)
  鉁?does not emit W008 when nyquist_validation is explicitly set (267.0659ms)
  鉁?detects W009 when RESEARCH.md has Validation Architecture but no VALIDATION.md (333.1657ms)
  鉁?does not emit W009 when VALIDATION.md exists alongside RESEARCH.md (330.9513ms)
  鉁?returns 'healthy' when all checks pass (274.9142ms)
  鉁?returns 'degraded' when only warnings exist (327.9349ms)
鉁?validate health command (7288.8461ms)
鈻?validate health --repair command
  鉁?creates config.json with defaults when missing (304.4486ms)
  鉁?resets config.json when JSON is invalid (281.6714ms)
  鉁?regenerates STATE.md when missing (330.014ms)
  鉁?does not rewrite existing STATE.md for invalid phase references (218.3889ms)
  鉁?adds nyquist_validation key to config.json via addNyquistKey repair (250.2794ms)
  鉁?reports repairable_count correctly (284.5651ms)
  鉁?phase mismatch warnings do not count as repairable issues (241.1383ms)
鉁?validate health --repair command (1911.1865ms)
鈻?validate consistency command
  鉁?passes for consistent project (457.8884ms)
  鉁?warns about phase on disk but not in roadmap (322.7663ms)
  鉁?warns about gaps in phase numbering (485.8591ms)
鉁?validate consistency command (1269.0062ms)
鈻?verify plan-structure command
  鉁?reports missing required frontmatter fields (348.5512ms)
  鉁?validates complete plan with all required fields and tasks (326.9027ms)
  鉁?reports task missing name element (384.7398ms)
  鉁?reports task missing action element (410.9063ms)
  鉁?warns about wave > 1 with empty depends_on (302.8081ms)
  鉁?errors when checkpoint task but autonomous is true (326.1283ms)
  鉁?returns error for nonexistent file (306.6186ms)
鉁?verify plan-structure command (2407.7717ms)
鈻?verify phase-completeness command
  鉁?reports complete phase with matching plans and summaries (349.4737ms)
  鉁?reports incomplete phase with plan missing summary (288.4904ms)
  鉁?warns about orphan summaries (304.0722ms)
  鉁?returns error for nonexistent phase (285.8657ms)
鉁?verify phase-completeness command (1228.3753ms)
鈻?verify summary command
  鉁?returns not found for nonexistent summary (1129.1454ms)
  鉁?passes for valid summary with real files and commits (1620.1457ms)
  鉁?reports missing files mentioned in summary (816.1327ms)
  鉁?detects self-check section with pass indicators (743.9172ms)
  鉁?detects self-check section with fail indicators (703.2566ms)
  鉁?REG-03: returns self_check "not_found" when no self-check section exists (682.7324ms)
  鉁?search(-1) regression: self-check guard prevents entry when no heading (720.9134ms)
  鉁?respects checkFileCount parameter (872.3605ms)
鉁?verify summary command (7289.4056ms)
鈻?verify references command
  鉁?reports valid when all referenced files exist (185.0595ms)
  鉁?reports missing for nonexistent referenced files (175.9179ms)
  鉁?detects backtick file paths (192.3153ms)
  鉁?skips backtick template expressions (222.2286ms)
  鉁?returns error for nonexistent file (190.2343ms)
鉁?verify references command (966.2599ms)
鈻?verify commits command
  鉁?validates real commit hashes (703.4577ms)
  鉁?reports invalid for fake hashes (610.2095ms)
  鉁?handles mixed valid and invalid hashes (741.7484ms)
鉁?verify commits command (2055.8402ms)
鈻?verify artifacts command
  鉁?passes when all artifacts exist and match criteria (206.3035ms)
  鉁?reports missing artifact file (189.8164ms)
  鉁?reports insufficient line count (166.1191ms)
  鉁?reports missing pattern (170.6918ms)
  鉁?reports missing export (201.4038ms)
  鉁?returns error when no artifacts in frontmatter (193.3258ms)
鉁?verify artifacts command (1128.6199ms)
鈻?verify key-links command
  鉁?verifies link when pattern found in source (176.5314ms)
  鉁?verifies link when pattern found in target (174.6338ms)
  鉁?fails when pattern not found in source or target (176.8773ms)
  鉁?verifies link without pattern using string inclusion (215.8737ms)
  鉁?reports source file not found (172.2763ms)
  鉁?returns error when no key_links in frontmatter (162.8879ms)
鉁?verify key-links command (1079.639ms)
鈻?detectChildRepos
  鉁?detects child git repos (628.9547ms)
  鉁?skips non-git directories (246.7613ms)
  鉁?skips hidden directories (217.7783ms)
  鉁?skips files (2.6ms)
  鉁?returns empty array for non-existent directory (1.1621ms)
鉁?detectChildRepos (1098.6241ms)
鈻?init new-workspace
  鉁?returns expected JSON fields (537.1915ms)
  鉁?detects child git repos in cwd (897.5152ms)
  鉁?reports no git repo when cwd is not a git repo (473.7037ms)
鉁?init new-workspace (1908.929ms)
鈻?init list-workspaces
  鉁?returns empty list when no workspaces exist (390.8662ms)
  鉁?finds workspaces with WORKSPACE.md (326.979ms)
鉁?init list-workspaces (718.1925ms)
鈻?init remove-workspace
  鉁?errors when no name provided (365.5999ms)
  鉁?errors when workspace not found (280.848ms)
  鉁?returns workspace info for existing workspace (308.8124ms)
鉁?init remove-workspace (955.5853ms)
鈻?workspace worktree integration
  鉁?creates workspace with git worktree (898.2798ms)
  鉁?creates workspace with git clone (1210.6312ms)
  鉁?worktree removal cleans up properly (1319.7475ms)
鉁?workspace worktree integration (3428.9551ms)
鈻?workspace command files
  鉁?new-workspace command exists with correct frontmatter (0.3527ms)
  鉁?list-workspaces command exists with correct frontmatter (0.2522ms)
  鉁?remove-workspace command exists with correct frontmatter (0.1751ms)
  鉁?new-workspace workflow exists (0.2776ms)
  鉁?list-workspaces workflow exists (0.1938ms)
  鉁?remove-workspace workflow exists (0.2272ms)
鉁?workspace command files (1.7671ms)
鈻?workspace routing in gsd-tools
  鉁?init new-workspace is routed correctly (0.7425ms)
  鉁?init list-workspaces is routed correctly (0.3179ms)
  鉁?init remove-workspace is routed correctly (0.2801ms)
鉁?workspace routing in gsd-tools (1.461ms)
鈩?tests 1206
鈩?suites 215
鈩?pass 1190
鈩?fail 16
鈩?cancelled 0
鈩?skipped 0
鈩?todo 0
鈩?duration_ms 43272.1876

鉁?failing tests:

test at tests\milestone.test.cjs:174:3
鉁?archived REQUIREMENTS.md contains archive header (391.2653ms)
  AssertionError [ERR_ASSERTION]: should contain archive version
      at TestContext.<anonymous> (D:\work\get-shit-done\get-shit-done-dh\tests\milestone.test.cjs:194:12)
      at Test.runInAsyncScope (node:async_hooks:228:14)
      at Test.run (node:internal/test_runner/test:1118:25)
      at async Suite.processPendingSubtests (node:internal/test_runner/test:787:7) {
    generatedMessage: false,
    code: 'ERR_ASSERTION',
    actual: false,
    expected: true,
    operator: '==',
    diff: 'simple'
  }

test at tests\milestone.test.cjs:202:3
鉁?STATE.md gets updated during milestone complete (336.8114ms)
  AssertionError [ERR_ASSERTION]: status should be updated to milestone complete
      at TestContext.<anonymous> (D:\work\get-shit-done\get-shit-done-dh\tests\milestone.test.cjs:219:12)
      at Test.runInAsyncScope (node:async_hooks:228:14)
      at Test.run (node:internal/test_runner/test:1118:25)
      at async Suite.processPendingSubtests (node:internal/test_runner/test:787:7) {
    generatedMessage: false,
    code: 'ERR_ASSERTION',
    actual: false,
    expected: true,
    operator: '==',
    diff: 'simple'
  }

test at tests\milestone.test.cjs:479:3
鉁?updates STATE.md with plain format fields (296.8004ms)
  AssertionError [ERR_ASSERTION]: plain Status field should be updated
      at TestContext.<anonymous> (D:\work\get-shit-done\get-shit-done-dh\tests\milestone.test.cjs:493:12)
      at Test.runInAsyncScope (node:async_hooks:228:14)
      at Test.run (node:internal/test_runner/test:1118:25)
      at async Suite.processPendingSubtests (node:internal/test_runner/test:787:7) {
    generatedMessage: false,
    code: 'ERR_ASSERTION',
    actual: false,
    expected: true,
    operator: '==',
    diff: 'simple'
  }

test at tests\roadmap.test.cjs:193:3
鉁?detects malformed ROADMAP with summary list but no detail sections (337.8598ms)
  AssertionError [ERR_ASSERTION]: should explain the issue
      at TestContext.<anonymous> (D:\work\get-shit-done\get-shit-done-dh\tests\roadmap.test.cjs:211:12)
      at Test.runInAsyncScope (node:async_hooks:228:14)
      at Test.run (node:internal/test_runner/test:1118:25)
      at async Suite.processPendingSubtests (node:internal/test_runner/test:787:7) {
    generatedMessage: false,
    code: 'ERR_ASSERTION',
    actual: false,
    expected: true,
    operator: '==',
    diff: 'simple'
  }

test at tests\state.test.cjs:194:3
鉁?add-decision preserves dollar amounts without corrupting Decisions section (357.2118ms)
  AssertionError [ERR_ASSERTION]: decision entry should preserve literal dollar values
      at TestContext.<anonymous> (D:\work\get-shit-done\get-shit-done-dh\tests\state.test.cjs:214:12)
      at Test.runInAsyncScope (node:async_hooks:228:14)
      at Test.run (node:internal/test_runner/test:1118:25)
      at async Promise.all (index 0)
      at async Suite.run (node:internal/test_runner/test:1533:7)
      at async Test.processPendingSubtests (node:internal/test_runner/test:787:7) {
    generatedMessage: false,
    code: 'ERR_ASSERTION',
    actual: '---\ngsd_state_version: 1.0\nmilestone: v1.0\nmilestone_name: milestone\nstatus: unknown\nlast_updated: "2026-04-14T01:46:13.628Z"\nprogress:\n  total_phases: 0\n  completed_phases: 0\n  total_plans: 0\n  completed_plans: 0\n---\n\n# Project State\n\n## Decisions\n\n- [闃舵 11-01]锛欱enchmark prices moved from $0.50 to $2.00 to $5.00 鈥?track cost growth\n\n## Blockers\n\nNone\n',
    expected: /- \[Phase 11-01\]: Benchmark prices moved from \$0\.50 to \$2\.00 to \$5\.00 鈥?track cost growth/,
    operator: 'match',
    diff: 'simple'
  }

test at tests\state.test.cjs:244:3
鉁?add-decision supports file inputs to preserve shell-sensitive dollar text (289.1191ms)
  AssertionError [ERR_ASSERTION]: file-based decision input should preserve literal dollar values
      at TestContext.<anonymous> (D:\work\get-shit-done\get-shit-done-dh\tests\state.test.cjs:269:12)
      at Test.runInAsyncScope (node:async_hooks:228:14)
      at Test.run (node:internal/test_runner/test:1118:25)
      at async Suite.processPendingSubtests (node:internal/test_runner/test:787:7) {
    generatedMessage: false,
    code: 'ERR_ASSERTION',
    actual: '---\ngsd_state_version: 1.0\nmilestone: v1.0\nmilestone_name: milestone\nstatus: unknown\nlast_updated: "2026-04-14T01:46:14.238Z"\nprogress:\n  total_phases: 0\n  completed_phases: 0\n  total_plans: 0\n  completed_plans: 0\n---\n\n# Project State\n\n## Decisions\n\n- [闃舵 11-02]锛歅rice tiers: $0.50, $2.00, else $5.00 鈥?Keep exact currency literals for budgeting\n\n## Blockers\n\nNone\n',
    expected: /- \[Phase 11-02\]: Price tiers: \$0\.50, \$2\.00, else \$5\.00 鈥?Keep exact currency literals for budgeting/,
    operator: 'match',
    diff: 'simple'
  }

test at tests\state.test.cjs:897:3
鉁?advances plan counter when not on last plan (308.5042ms)
  AssertionError [ERR_ASSERTION]: Status should be Ready to execute
      at TestContext.<anonymous> (D:\work\get-shit-done\get-shit-done-dh\tests\state.test.cjs:912:12)
      at Test.runInAsyncScope (node:async_hooks:228:14)
      at Test.run (node:internal/test_runner/test:1118:25)
      at async Promise.all (index 0)
      at async Suite.run (node:internal/test_runner/test:1533:7)
      at async Test.processPendingSubtests (node:internal/test_runner/test:787:7) {
    generatedMessage: false,
    code: 'ERR_ASSERTION',
    actual: false,
    expected: true,
    operator: '==',
    diff: 'simple'
  }

test at tests\state.test.cjs:920:3
鉁?marks phase complete on last plan (195.8372ms)
  AssertionError [ERR_ASSERTION]: Status should contain Phase complete
      at TestContext.<anonymous> (D:\work\get-shit-done\get-shit-done-dh\tests\state.test.cjs:933:12)
      at Test.runInAsyncScope (node:async_hooks:228:14)
      at Test.run (node:internal/test_runner/test:1118:25)
      at async Suite.processPendingSubtests (node:internal/test_runner/test:787:7) {
    generatedMessage: false,
    code: 'ERR_ASSERTION',
    actual: false,
    expected: true,
    operator: '==',
    diff: 'simple'
  }

test at tests\state.test.cjs:959:3
鉁?advances plan in compound "Plan: X of Y" format (208.9027ms)
  AssertionError [ERR_ASSERTION]: Status should be updated
      at TestContext.<anonymous> (D:\work\get-shit-done\get-shit-done-dh\tests\state.test.cjs:977:12)
      at Test.runInAsyncScope (node:async_hooks:228:14)
      at Test.run (node:internal/test_runner/test:1118:25)
      at async Suite.processPendingSubtests (node:internal/test_runner/test:787:7) {
    generatedMessage: false,
    code: 'ERR_ASSERTION',
    actual: false,
    expected: true,
    operator: '==',
    diff: 'simple'
  }

test at tests\state.test.cjs:981:3
鉁?marks phase complete on last plan in compound format (224.6277ms)
  AssertionError [ERR_ASSERTION]: Status should contain Phase complete
      at TestContext.<anonymous> (D:\work\get-shit-done\get-shit-done-dh\tests\state.test.cjs:995:12)
      at Test.runInAsyncScope (node:async_hooks:228:14)
      at Test.run (node:internal/test_runner/test:1118:25)
      at async Suite.processPendingSubtests (node:internal/test_runner/test:787:7) {
    generatedMessage: false,
    code: 'ERR_ASSERTION',
    actual: false,
    expected: true,
    operator: '==',
    diff: 'simple'
  }

test at tests\state.test.cjs:1022:3
鉁?appends metric row to existing table (182.8693ms)
  AssertionError [ERR_ASSERTION]: new row should be present
      at TestContext.<anonymous> (D:\work\get-shit-done\get-shit-done-dh\tests\state.test.cjs:1032:12)
      at Test.runInAsyncScope (node:async_hooks:228:14)
      at Test.run (node:internal/test_runner/test:1118:25)
      at async Promise.all (index 0)
      at async Suite.run (node:internal/test_runner/test:1533:7)
      at async Test.processPendingSubtests (node:internal/test_runner/test:787:7) {
    generatedMessage: false,
    code: 'ERR_ASSERTION',
    actual: false,
    expected: true,
    operator: '==',
    diff: 'simple'
  }

test at tests\state.test.cjs:1036:3
鉁?replaces None yet placeholder with first metric (176.9712ms)
  AssertionError [ERR_ASSERTION]: new row should be present
      at TestContext.<anonymous> (D:\work\get-shit-done\get-shit-done-dh\tests\state.test.cjs:1055:12)
      at Test.runInAsyncScope (node:async_hooks:228:14)
      at Test.run (node:internal/test_runner/test:1118:25)
      at async Suite.processPendingSubtests (node:internal/test_runner/test:787:7) {
    generatedMessage: false,
    code: 'ERR_ASSERTION',
    actual: false,
    expected: true,
    operator: '==',
    diff: 'simple'
  }

test at tests\state.test.cjs:1202:3
鉁?adds None placeholder when last blocker resolved (181.9426ms)
  AssertionError [ERR_ASSERTION]: Blockers section should contain None placeholder
      at TestContext.<anonymous> (D:\work\get-shit-done\get-shit-done-dh\tests\state.test.cjs:1223:12)
      at Test.runInAsyncScope (node:async_hooks:228:14)
      at Test.run (node:internal/test_runner/test:1118:25)
      at async Suite.processPendingSubtests (node:internal/test_runner/test:787:7) {
    generatedMessage: false,
    code: 'ERR_ASSERTION',
    actual: false,
    expected: true,
    operator: '==',
    diff: 'simple'
  }

test at tests\template.test.cjs:117:3
鉁?fills summary template (352.628ms)
  AssertionError [ERR_ASSERTION]: should reference phase
      at TestContext.<anonymous> (D:\work\get-shit-done\get-shit-done-dh\tests\template.test.cjs:126:12)
      at Test.runInAsyncScope (node:async_hooks:228:14)
      at Test.run (node:internal/test_runner/test:1118:25)
      at async Promise.all (index 0)
      at async Suite.run (node:internal/test_runner/test:1533:7)
      at async Test.processPendingSubtests (node:internal/test_runner/test:787:7) {
    generatedMessage: false,
    code: 'ERR_ASSERTION',
    actual: false,
    expected: true,
    operator: '==',
    diff: 'simple'
  }

test at tests\template.test.cjs:130:3
鉁?fills plan template (369.2708ms)
  AssertionError [ERR_ASSERTION]: should have objective section
      at TestContext.<anonymous> (D:\work\get-shit-done\get-shit-done-dh\tests\template.test.cjs:139:12)
      at Test.runInAsyncScope (node:async_hooks:228:14)
      at Test.run (node:internal/test_runner/test:1118:25)
      at async Suite.processPendingSubtests (node:internal/test_runner/test:787:7) {
    generatedMessage: false,
    code: 'ERR_ASSERTION',
    actual: false,
    expected: true,
    operator: '==',
    diff: 'simple'
  }

test at tests\template.test.cjs:143:3
鉁?fills verification template (388.908ms)
  AssertionError [ERR_ASSERTION]: should have truths section
      at TestContext.<anonymous> (D:\work\get-shit-done\get-shit-done-dh\tests\template.test.cjs:151:12)
      at Test.runInAsyncScope (node:async_hooks:228:14)
      at Test.run (node:internal/test_runner/test:1118:25)
      at async Suite.processPendingSubtests (node:internal/test_runner/test:787:7) {
    generatedMessage: false,
    code: 'ERR_ASSERTION',
    actual: false,
    expected: true,
    operator: '==',
    diff: 'simple'
  }
